Archive member included to satisfy reference by file (symbol)

c:/users/neutr/documents/iti data/imt tools/sdk/imt_sdk_win_64/winarm/armgcc/bin/../lib/gcc/arm-none-eabi/7.2.1/../../../../arm-none-eabi/lib/thumb/v7-m\libg_nano.a(lib_a-errno.o)
                              ./system/src/newlib/_sbrk.o (__errno)
c:/users/neutr/documents/iti data/imt tools/sdk/imt_sdk_win_64/winarm/armgcc/bin/../lib/gcc/arm-none-eabi/7.2.1/../../../../arm-none-eabi/lib/thumb/v7-m\libg_nano.a(lib_a-impure.o)
                              c:/users/neutr/documents/iti data/imt tools/sdk/imt_sdk_win_64/winarm/armgcc/bin/../lib/gcc/arm-none-eabi/7.2.1/../../../../arm-none-eabi/lib/thumb/v7-m\libg_nano.a(lib_a-errno.o) (_impure_ptr)
c:/users/neutr/documents/iti data/imt tools/sdk/imt_sdk_win_64/winarm/armgcc/bin/../lib/gcc/arm-none-eabi/7.2.1/../../../../arm-none-eabi/lib/thumb/v7-m\libg_nano.a(lib_a-strlen.o)
                              ./system/src/diag/Trace.o (strlen)
c:/users/neutr/documents/iti data/imt tools/sdk/imt_sdk_win_64/winarm/armgcc/bin/../lib/gcc/arm-none-eabi/7.2.1/../../../../arm-none-eabi/lib/thumb/v7-m\libg_nano.a(lib_a-vsnprintf.o)
                              ./system/src/diag/Trace.o (vsnprintf)
c:/users/neutr/documents/iti data/imt tools/sdk/imt_sdk_win_64/winarm/armgcc/bin/../lib/gcc/arm-none-eabi/7.2.1/../../../../arm-none-eabi/lib/thumb/v7-m\libg_nano.a(lib_a-nano-svfprintf.o)
                              c:/users/neutr/documents/iti data/imt tools/sdk/imt_sdk_win_64/winarm/armgcc/bin/../lib/gcc/arm-none-eabi/7.2.1/../../../../arm-none-eabi/lib/thumb/v7-m\libg_nano.a(lib_a-vsnprintf.o) (_svfprintf_r)
c:/users/neutr/documents/iti data/imt tools/sdk/imt_sdk_win_64/winarm/armgcc/bin/../lib/gcc/arm-none-eabi/7.2.1/../../../../arm-none-eabi/lib/thumb/v7-m\libg_nano.a(lib_a-nano-vfprintf_i.o)
                              c:/users/neutr/documents/iti data/imt tools/sdk/imt_sdk_win_64/winarm/armgcc/bin/../lib/gcc/arm-none-eabi/7.2.1/../../../../arm-none-eabi/lib/thumb/v7-m\libg_nano.a(lib_a-nano-svfprintf.o) (_printf_i)
c:/users/neutr/documents/iti data/imt tools/sdk/imt_sdk_win_64/winarm/armgcc/bin/../lib/gcc/arm-none-eabi/7.2.1/../../../../arm-none-eabi/lib/thumb/v7-m\libg_nano.a(lib_a-memchr-stub.o)
                              c:/users/neutr/documents/iti data/imt tools/sdk/imt_sdk_win_64/winarm/armgcc/bin/../lib/gcc/arm-none-eabi/7.2.1/../../../../arm-none-eabi/lib/thumb/v7-m\libg_nano.a(lib_a-nano-svfprintf.o) (memchr)
c:/users/neutr/documents/iti data/imt tools/sdk/imt_sdk_win_64/winarm/armgcc/bin/../lib/gcc/arm-none-eabi/7.2.1/../../../../arm-none-eabi/lib/thumb/v7-m\libg_nano.a(lib_a-memcpy-stub.o)
                              c:/users/neutr/documents/iti data/imt tools/sdk/imt_sdk_win_64/winarm/armgcc/bin/../lib/gcc/arm-none-eabi/7.2.1/../../../../arm-none-eabi/lib/thumb/v7-m\libg_nano.a(lib_a-nano-svfprintf.o) (memcpy)
c:/users/neutr/documents/iti data/imt tools/sdk/imt_sdk_win_64/winarm/armgcc/bin/../lib/gcc/arm-none-eabi/7.2.1/../../../../arm-none-eabi/lib/thumb/v7-m\libg_nano.a(lib_a-memmove.o)
                              c:/users/neutr/documents/iti data/imt tools/sdk/imt_sdk_win_64/winarm/armgcc/bin/../lib/gcc/arm-none-eabi/7.2.1/../../../../arm-none-eabi/lib/thumb/v7-m\libg_nano.a(lib_a-nano-svfprintf.o) (memmove)
c:/users/neutr/documents/iti data/imt tools/sdk/imt_sdk_win_64/winarm/armgcc/bin/../lib/gcc/arm-none-eabi/7.2.1/../../../../arm-none-eabi/lib/thumb/v7-m\libg_nano.a(lib_a-nano-freer.o)
                              c:/users/neutr/documents/iti data/imt tools/sdk/imt_sdk_win_64/winarm/armgcc/bin/../lib/gcc/arm-none-eabi/7.2.1/../../../../arm-none-eabi/lib/thumb/v7-m\libg_nano.a(lib_a-nano-svfprintf.o) (_free_r)
c:/users/neutr/documents/iti data/imt tools/sdk/imt_sdk_win_64/winarm/armgcc/bin/../lib/gcc/arm-none-eabi/7.2.1/../../../../arm-none-eabi/lib/thumb/v7-m\libg_nano.a(lib_a-nano-mallocr.o)
                              c:/users/neutr/documents/iti data/imt tools/sdk/imt_sdk_win_64/winarm/armgcc/bin/../lib/gcc/arm-none-eabi/7.2.1/../../../../arm-none-eabi/lib/thumb/v7-m\libg_nano.a(lib_a-nano-svfprintf.o) (_malloc_r)
c:/users/neutr/documents/iti data/imt tools/sdk/imt_sdk_win_64/winarm/armgcc/bin/../lib/gcc/arm-none-eabi/7.2.1/../../../../arm-none-eabi/lib/thumb/v7-m\libg_nano.a(lib_a-nano-reallocr.o)
                              c:/users/neutr/documents/iti data/imt tools/sdk/imt_sdk_win_64/winarm/armgcc/bin/../lib/gcc/arm-none-eabi/7.2.1/../../../../arm-none-eabi/lib/thumb/v7-m\libg_nano.a(lib_a-nano-svfprintf.o) (_realloc_r)
c:/users/neutr/documents/iti data/imt tools/sdk/imt_sdk_win_64/winarm/armgcc/bin/../lib/gcc/arm-none-eabi/7.2.1/../../../../arm-none-eabi/lib/thumb/v7-m\libg_nano.a(lib_a-sbrkr.o)
                              c:/users/neutr/documents/iti data/imt tools/sdk/imt_sdk_win_64/winarm/armgcc/bin/../lib/gcc/arm-none-eabi/7.2.1/../../../../arm-none-eabi/lib/thumb/v7-m\libg_nano.a(lib_a-nano-mallocr.o) (_sbrk_r)
[...]
Memory Configuration

Name             Origin             Length             Attributes
RAM              0x20000000         0x00005000         xrw
CCMRAM           0x00000000         0x00000000         xrw
FLASH            0x08000000         0x0000f000         xr
FLASHB1          0x00000000         0x00000000         xr
EXTMEMB0         0x00000000         0x00000000         xr
EXTMEMB1         0x00000000         0x00000000         xr
EXTMEMB2         0x00000000         0x00000000         xr
EXTMEMB3         0x00000000         0x00000000         xr
MEMORY_ARRAY     0x00000000         0x00000000         xrw
*default*        0x00000000         0xffffffff

Linker script and memory map

LOAD ./system/src/stm32f1-stdperiph/misc.o
LOAD ./system/src/stm32f1-stdperiph/stm32f10x_gpio.o
LOAD ./system/src/stm32f1-stdperiph/stm32f10x_rcc.o
LOAD ./system/src/newlib/_cxx.o
LOAD ./system/src/newlib/_exit.o
LOAD ./system/src/newlib/_sbrk.o
LOAD ./system/src/newlib/_startup.o
LOAD ./system/src/newlib/_syscalls.o
LOAD ./system/src/newlib/assert.o
LOAD ./system/src/diag/Trace.o
LOAD ./system/src/diag/trace_impl.o
LOAD ./system/src/cortexm/_initialize_hardware.o
LOAD ./system/src/cortexm/_reset_hardware.o
LOAD ./system/src/cortexm/exception_handlers.o
LOAD ./system/src/cmsis/system_stm32f10x.o
LOAD ./system/src/cmsis/vectors_stm32f10x.o
LOAD ./src/MCAL/USART/USART_program.o
LOAD ./src/MCAL/SYSTICK/SysTick_Prog.o
LOAD ./src/MCAL/RCC/RCC_Prog.o
LOAD ./src/MCAL/PWM/PWM_Prog.o
LOAD ./src/MCAL/NVIC/NVIC_Prog.o
LOAD ./src/MCAL/GPIO/GPIO_Prog.o
LOAD ./src/MCAL/EXTI/EXTI_Program.o
LOAD ./src/MCAL/AFIO/AFIO_Program.o
LOAD ./src/MCAL/ADC/ADC_Prog.o
LOAD ./src/HAL/WIFI/ESP_Program.o
LOAD ./src/HAL/TEMP_SENSOR/Temreture_Sensor_Program.o
LOAD ./src/HAL/SERVO/Servo_Program.o
LOAD ./src/HAL/LED/Led_Program.o
LOAD ./src/HAL/LCD/LCD_Program.o
LOAD ./src/HAL/KeyPad/KYPD_Prog.o
LOAD ./src/HAL/IR/IR_Program.o
LOAD ./src/HAL/Gas_Sensor/Gas_Sensor_Program.o
LOAD ./src/HAL/FLAME_SENSOR/Flame_Sensor_Program.o
LOAD ./src/HAL/DC_MOTOR/Motor_Program.o
LOAD ./src/HAL/BUZZER/Buzzer_Program.o
LOAD ./src/APP/Samart_Home_Program.o
LOAD ./src/main.o
LOAD c:/users/neutr/documents/iti data/imt tools/sdk/imt_sdk_win_64/winarm/armgcc/bin/../lib/gcc/arm-none-eabi/7.2.1/../../../../arm-none-eabi/lib/thumb/v7-m\libstdc++_nano.a
LOAD c:/users/neutr/documents/iti data/imt tools/sdk/imt_sdk_win_64/winarm/armgcc/bin/../lib/gcc/arm-none-eabi/7.2.1/../../../../arm-none-eabi/lib/thumb/v7-m\libm.a
START GROUP
LOAD c:/users/neutr/documents/iti data/imt tools/sdk/imt_sdk_win_64/winarm/armgcc/bin/../lib/gcc/arm-none-eabi/7.2.1/thumb/v7-m\libgcc.a
LOAD c:/users/neutr/documents/iti data/imt tools/sdk/imt_sdk_win_64/winarm/armgcc/bin/../lib/gcc/arm-none-eabi/7.2.1/../../../../arm-none-eabi/lib/thumb/v7-m\libg_nano.a
LOAD c:/users/neutr/documents/iti data/imt tools/sdk/imt_sdk_win_64/winarm/armgcc/bin/../lib/gcc/arm-none-eabi/7.2.1/../../../../arm-none-eabi/lib/thumb/v7-m\libc_nano.a
END GROUP
START GROUP
LOAD c:/users/neutr/documents/iti data/imt tools/sdk/imt_sdk_win_64/winarm/armgcc/bin/../lib/gcc/arm-none-eabi/7.2.1/thumb/v7-m\libgcc.a
LOAD c:/users/neutr/documents/iti data/imt tools/sdk/imt_sdk_win_64/winarm/armgcc/bin/../lib/gcc/arm-none-eabi/7.2.1/../../../../arm-none-eabi/lib/thumb/v7-m\libc_nano.a
END GROUP
                0x20005000                __stack = (ORIGIN (RAM) + LENGTH (RAM))
                0x20005000                _estack = __stack
                0x00000400                __Main_Stack_Size = 0x400
                [!provide]                PROVIDE (_Main_Stack_Size, __Main_Stack_Size)
                0x20004c00                __Main_Stack_Limit = (__stack - __Main_Stack_Size)
                [!provide]                PROVIDE (_Main_Stack_Limit, __Main_Stack_Limit)
                0x00000100                _Minimum_Stack_Size = 0x100
                0x20002920                PROVIDE (_Heap_Begin, _end_noinit)
                0x20004c00                PROVIDE (_Heap_Limit, (__stack - __Main_Stack_Size))

.isr_vector     0x08000000      0x350
 FILL mask 0xff
                0x08000000                __vectors_start = ABSOLUTE (.)
                0x08000000                __vectors_start__ = ABSOLUTE (.)
 *(.isr_vector)
 .isr_vector    0x08000000      0x10c ./system/src/cmsis/vectors_stm32f10x.o
                0x08000000                __isr_vectors
 *(.cfmconfig)
 *(.after_vectors .after_vectors.*)
 .after_vectors
                0x0800010c      0x114 ./system/src/newlib/_startup.o
                0x0800010c                _start
 .after_vectors
                0x08000220      0x12c ./system/src/cortexm/exception_handlers.o
                0x08000220                Reset_Handler
                0x08000226                NMI_Handler
                0x0800022a                HardFault_Handler
                0x0800023e                HardFault_Handler_C
                0x0800029c                MemManage_Handler
                0x080002a0                BusFault_Handler
                0x080002b4                BusFault_Handler_C
                0x080002e8                UsageFault_Handler
                0x080002fc                UsageFault_Handler_C
                0x08000330                SVC_Handler
                0x08000334                DebugMon_Handler
                0x08000338                PendSV_Handler
 .after_vectors
                0x0800034c        0x4 ./system/src/cmsis/vectors_stm32f10x.o
                0x0800034c                EXTI2_IRQHandler
                0x0800034c                TIM8_TRG_COM_IRQHandler
                0x0800034c                TIM8_CC_IRQHandler
                0x0800034c                TIM1_CC_IRQHandler
                0x0800034c                TIM6_IRQHandler
                0x0800034c                PVD_IRQHandler
                0x0800034c                SDIO_IRQHandler
                0x0800034c                CAN2_RX1_IRQHandler
                0x0800034c                EXTI3_IRQHandler
                0x0800034c                TIM8_TRG_COM_TIM14_IRQHandler
                0x0800034c                TIM1_UP_TIM10_IRQHandler
                0x0800034c                TIM8_UP_TIM13_IRQHandler
                0x0800034c                I2C2_EV_IRQHandler
                0x0800034c                CAN1_RX0_IRQHandler
                0x0800034c                TIM1_UP_TIM16_IRQHandler
                0x0800034c                CAN2_SCE_IRQHandler
                0x0800034c                ADC1_2_IRQHandler
                0x0800034c                SPI1_IRQHandler
                0x0800034c                TAMPER_IRQHandler
                0x0800034c                TIM6_DAC_IRQHandler
                0x0800034c                TIM1_BRK_TIM9_IRQHandler
                0x0800034c                CAN2_RX0_IRQHandler
                0x0800034c                TIM8_UP_IRQHandler
                0x0800034c                DMA2_Channel2_IRQHandler
                0x0800034c                DMA1_Channel4_IRQHandler
                0x0800034c                USART3_IRQHandler
                0x0800034c                RTC_IRQHandler
                0x0800034c                DMA1_Channel7_IRQHandler
                0x0800034c                CAN1_RX1_IRQHandler
                0x0800034c                UART5_IRQHandler
                0x0800034c                ADC3_IRQHandler
                0x0800034c                TIM4_IRQHandler
                0x0800034c                DMA2_Channel1_IRQHandler
                0x0800034c                I2C1_EV_IRQHandler
                0x0800034c                DMA1_Channel6_IRQHandler
                0x0800034c                UART4_IRQHandler
                0x0800034c                DMA2_Channel4_IRQHandler
                0x0800034c                TIM3_IRQHandler
                0x0800034c                RCC_IRQHandler
                0x0800034c                TIM8_BRK_TIM12_IRQHandler
                0x0800034c                TIM1_TRG_COM_IRQHandler
                0x0800034c                DMA1_Channel1_IRQHandler
                0x0800034c                Default_Handler
                0x0800034c                CEC_IRQHandler
                0x0800034c                EXTI15_10_IRQHandler
                0x0800034c                TIM14_IRQHandler
                0x0800034c                TIM13_IRQHandler
                0x0800034c                TIM12_IRQHandler
                0x0800034c                TIM7_IRQHandler
                0x0800034c                CAN2_TX_IRQHandler
                0x0800034c                TIM5_IRQHandler
                0x0800034c                EXTI9_5_IRQHandler
                0x0800034c                ETH_WKUP_IRQHandler
                0x0800034c                SPI2_IRQHandler
                0x0800034c                CAN1_TX_IRQHandler
                0x0800034c                DMA2_Channel5_IRQHandler
                0x0800034c                DMA1_Channel5_IRQHandler
                0x0800034c                EXTI4_IRQHandler
                0x0800034c                USB_LP_CAN1_RX0_IRQHandler
                0x0800034c                TIM1_TRG_COM_TIM17_IRQHandler
                0x0800034c                USB_HP_CAN1_TX_IRQHandler
                0x0800034c                DMA1_Channel3_IRQHandler
                0x0800034c                FSMC_IRQHandler
                0x0800034c                ETH_IRQHandler
                0x0800034c                TIM1_UP_IRQHandler
                0x0800034c                WWDG_IRQHandler
                0x0800034c                TIM2_IRQHandler
                0x0800034c                OTG_FS_WKUP_IRQHandler
                0x0800034c                TIM1_TRG_COM_TIM11_IRQHandler
                0x0800034c                TIM1_BRK_IRQHandler
                0x0800034c                RTCAlarm_IRQHandler
                0x0800034c                DMA2_Channel4_5_IRQHandler
                0x0800034c                USART2_IRQHandler
                0x0800034c                I2C2_ER_IRQHandler
                0x0800034c                DMA1_Channel2_IRQHandler
                0x0800034c                TIM8_BRK_IRQHandler
                0x0800034c                CAN1_SCE_IRQHandler
                0x0800034c                FLASH_IRQHandler
                0x0800034c                OTG_FS_IRQHandler
                0x0800034c                SPI3_IRQHandler
                0x0800034c                I2C1_ER_IRQHandler
                0x0800034c                USBWakeUp_IRQHandler
                0x0800034c                DMA2_Channel3_IRQHandler
                0x0800034c                TIM1_BRK_TIM15_IRQHandler

.inits          0x08000350       0x28
                0x08000350                __data_regions_array_start = .
                0x08000350        0x4 LONG 0x800263c LOADADDR (.data)
                0x08000354        0x4 LONG 0x20000000 ADDR (.data)
                0x08000358        0x4 LONG 0x2000008c (ADDR (.data) + SIZEOF (.data))
                0x0800035c        0x4 LONG 0x800263c LOADADDR (.data_CCMRAM)
                0x08000360        0x4 LONG 0x0 ADDR (.data_CCMRAM)
                0x08000364        0x4 LONG 0x0 (ADDR (.data_CCMRAM) + SIZEOF (.data_CCMRAM))
                0x08000368                __data_regions_array_end = .
                0x08000368                __bss_regions_array_start = .
                0x08000368        0x4 LONG 0x2000008c ADDR (.bss)
                0x0800036c        0x4 LONG 0x20002920 (ADDR (.bss) + SIZEOF (.bss))
                0x08000370        0x4 LONG 0x0 ADDR (.bss_CCMRAM)
                0x08000374        0x4 LONG 0x0 (ADDR (.bss_CCMRAM) + SIZEOF (.bss_CCMRAM))
                0x08000378                __bss_regions_array_end = .
 *(.init)
 *(.fini)
                0x08000378                . = ALIGN (0x4)
                0x08000378                PROVIDE (__preinit_array_start, .)
 *(.preinit_array_sysinit .preinit_array_sysinit.*)
 *(.preinit_array_platform .preinit_array_platform.*)
 *(.preinit_array .preinit_array.*)
                0x08000378                PROVIDE (__preinit_array_end, .)
                0x08000378                . = ALIGN (0x4)
                0x08000378                PROVIDE (__init_array_start, .)
 *(SORT_BY_NAME(.init_array.*))
 *(.init_array)
                0x08000378                PROVIDE (__init_array_end, .)
                0x08000378                . = ALIGN (0x4)
                0x08000378                PROVIDE (__fini_array_start, .)
 *(SORT_BY_NAME(.fini_array.*))
 *(.fini_array)
                0x08000378                PROVIDE (__fini_array_end, .)

.flashtext
 *(.flashtext .flashtext.*)

.text           0x08000378     0x22c3
 *(.text .text.*)
 .text._exit    0x08000378        0x2 ./system/src/newlib/_exit.o
                0x08000378                _exit
 *fill*         0x0800037a        0x2 
 .text._sbrk    0x0800037c       0x44 ./system/src/newlib/_sbrk.o
                0x0800037c                _sbrk
 .text.__initialize_args
                0x080003c0       0x10 ./system/src/newlib/_syscalls.o
                0x080003c0                __initialize_args
 .text.trace_printf
                0x080003d0       0x30 ./system/src/diag/Trace.o
                0x080003d0                trace_printf
 .text._trace_write_semihosting_debug
                0x08000400       0x60 ./system/src/diag/trace_impl.o
 .text.trace_write
                0x08000460        0x8 ./system/src/diag/trace_impl.o
                0x08000460                trace_write
 .text.__initialize_hardware_early
                0x08000468       0x18 ./system/src/cortexm/_initialize_hardware.o
                0x08000468                __initialize_hardware_early
 .text.__initialize_hardware
                0x08000480        0x8 ./system/src/cortexm/_initialize_hardware.o
                0x08000480                __initialize_hardware
 .text.dumpExceptionStack
                0x08000488       0xf4 ./system/src/cortexm/exception_handlers.o
                0x08000488                dumpExceptionStack
 .text.isSemihosting
                0x0800057c       0x20 ./system/src/cortexm/exception_handlers.o
                0x0800057c                isSemihosting
 .text.SetSysClockTo72
                0x0800059c       0xc4 ./system/src/cmsis/system_stm32f10x.o
 .text.SetSysClock
                0x08000660        0x8 ./system/src/cmsis/system_stm32f10x.o
 .text.SystemInit
                0x08000668       0x50 ./system/src/cmsis/system_stm32f10x.o
                0x08000668                SystemInit
 .text.SystemCoreClockUpdate
                0x080006b8       0x94 ./system/src/cmsis/system_stm32f10x.o
                0x080006b8                SystemCoreClockUpdate
 .text.MUSART1_voidSetCallBack
                0x0800074c        0xc ./src/MCAL/USART/USART_program.o
                0x0800074c                MUSART1_voidSetCallBack
 .text.USART1_IRQHandler
                0x08000758       0x18 ./src/MCAL/USART/USART_program.o
                0x08000758                USART1_IRQHandler
 .text.MUSART1_voidInit
                0x08000770       0x30 ./src/MCAL/USART/USART_program.o
                0x08000770                MUSART1_voidInit
 .text.MUSART1_voidTransmit
                0x080007a0       0x24 ./src/MCAL/USART/USART_program.o
                0x080007a0                MUSART1_voidTransmit
 .text.MUART_u8Recieve
                0x080007c4        0xc ./src/MCAL/USART/USART_program.o
                0x080007c4                MUART_u8Recieve
 .text.MUSART1_VidClearFlags
                0x080007d0        0xc ./src/MCAL/USART/USART_program.o
                0x080007d0                MUSART1_VidClearFlags
 .text.SysTick_Handler
                0x080007dc       0x34 ./src/MCAL/SYSTICK/SysTick_Prog.o
                0x080007dc                SysTick_Handler
 .text.STK_VidInit
                0x08000810       0x10 ./src/MCAL/SYSTICK/SysTick_Prog.o
                0x08000810                STK_VidInit
 .text.STK_VoidSetBusyWait
                0x08000820       0x34 ./src/MCAL/SYSTICK/SysTick_Prog.o
                0x08000820                STK_VoidSetBusyWait
 .text.STK_VidSetIntervalSignal
                0x08000854       0x30 ./src/MCAL/SYSTICK/SysTick_Prog.o
                0x08000854                STK_VidSetIntervalSignal
 .text.STK_U32GetElapsedTime
                0x08000884       0x10 ./src/MCAL/SYSTICK/SysTick_Prog.o
                0x08000884                STK_U32GetElapsedTime
 .text.STK_VidStart
                0x08000894       0x18 ./src/MCAL/SYSTICK/SysTick_Prog.o
                0x08000894                STK_VidStart
 .text.STK_VidINTStatus
                0x080008ac       0x18 ./src/MCAL/SYSTICK/SysTick_Prog.o
                0x080008ac                STK_VidINTStatus
 .text.STK_u8ReadFlag
                0x080008c4       0x10 ./src/MCAL/SYSTICK/SysTick_Prog.o
                0x080008c4                STK_u8ReadFlag
 .text._delay_ms
                0x080008d4       0x24 ./src/MCAL/SYSTICK/SysTick_Prog.o
                0x080008d4                _delay_ms
 .text.RCC_VidInit
                0x080008f8       0x3c ./src/MCAL/RCC/RCC_Prog.o
                0x080008f8                RCC_VidInit
 .text.RCC_VidEnableClock
                0x08000934       0x44 ./src/MCAL/RCC/RCC_Prog.o
                0x08000934                RCC_VidEnableClock
 .text.PWM_VidInit
                0x08000978       0x60 ./src/MCAL/PWM/PWM_Prog.o
                0x08000978                PWM_VidInit
 .text.PWM_VidSetDuty
                0x080009d8        0xc ./src/MCAL/PWM/PWM_Prog.o
                0x080009d8                PWM_VidSetDuty
 .text.NVIC_VidInit
                0x080009e4       0x10 ./src/MCAL/NVIC/NVIC_Prog.o
                0x080009e4                NVIC_VidInit
 .text.NVIC_VidEnablePeripheralInterrupt
                0x080009f4       0x2c ./src/MCAL/NVIC/NVIC_Prog.o
                0x080009f4                NVIC_VidEnablePeripheralInterrupt
 .text.GPIO_VidSetPinDirection
                0x08000a20       0xd4 ./src/MCAL/GPIO/GPIO_Prog.o
                0x08000a20                GPIO_VidSetPinDirection
 .text.GPIO_VidSetPinValue
                0x08000af4       0x8c ./src/MCAL/GPIO/GPIO_Prog.o
                0x08000af4                GPIO_VidSetPinValue
 .text.GPIO_U8GetPinValue
                0x08000b80       0x40 ./src/MCAL/GPIO/GPIO_Prog.o
                0x08000b80                GPIO_U8GetPinValue
 .text.EXTI_voidInit
                0x08000bc0       0x60 ./src/MCAL/EXTI/EXTI_Program.o
                0x08000bc0                EXTI_voidInit
 .text.EXTI_voidEnable
                0x08000c20       0x14 ./src/MCAL/EXTI/EXTI_Program.o
                0x08000c20                EXTI_voidEnable
 .text.EXTI0_voidSetCallBack
                0x08000c34        0xc ./src/MCAL/EXTI/EXTI_Program.o
                0x08000c34                EXTI0_voidSetCallBack
 .text.EXTI0_IRQHandler
                0x08000c40       0x1c ./src/MCAL/EXTI/EXTI_Program.o
                0x08000c40                EXTI0_IRQHandler
 .text.EXTI1_IRQHandler
                0x08000c5c       0x1c ./src/MCAL/EXTI/EXTI_Program.o
                0x08000c5c                EXTI1_IRQHandler
 .text.AFIO_voidSetEXTIConfiguration
                0x08000c78       0x50 ./src/MCAL/AFIO/AFIO_Program.o
                0x08000c78                AFIO_voidSetEXTIConfiguration
 .text.ADC_VidInit
                0x08000cc8       0x50 ./src/MCAL/ADC/ADC_Prog.o
                0x08000cc8                ADC_VidInit
 .text.validate
                0x08000d18       0x88 ./src/HAL/WIFI/ESP_Program.o
 .text.MUSART_CallBack
                0x08000da0       0x24 ./src/HAL/WIFI/ESP_Program.o
                0x08000da0                MUSART_CallBack
 .text.WIFImod_voidInit
                0x08000dc4       0x74 ./src/HAL/WIFI/ESP_Program.o
                0x08000dc4                WIFImod_voidInit
 .text.WIFImod_ConnectToNetwork
                0x08000e38       0x50 ./src/HAL/WIFI/ESP_Program.o
                0x08000e38                WIFImod_ConnectToNetwork
 .text.WIFImod_ConnectToServer
                0x08000e88       0x50 ./src/HAL/WIFI/ESP_Program.o
                0x08000e88                WIFImod_ConnectToServer
 .text.WIFImod_SendCharsNumbers
                0x08000ed8       0x34 ./src/HAL/WIFI/ESP_Program.o
                0x08000ed8                WIFImod_SendCharsNumbers
 .text.ESP8266_u8ReceiveHttpReq
                0x08000f0c       0x64 ./src/HAL/WIFI/ESP_Program.o
                0x08000f0c                ESP8266_u8ReceiveHttpReq
 .text.H_TEMP_Vid_Init
                0x08000f70       0x22 ./src/HAL/TEMP_SENSOR/Temreture_Sensor_Program.o
                0x08000f70                H_TEMP_Vid_Init
 .text.Servo_Vid_Init
                0x08000f92       0x2e ./src/HAL/SERVO/Servo_Program.o
                0x08000f92                Servo_Vid_Init
 .text.Servo_set_position
                0x08000fc0        0x8 ./src/HAL/SERVO/Servo_Program.o
                0x08000fc0                Servo_set_position
 .text.H_Led_Init
                0x08000fc8       0x2c ./src/HAL/LED/Led_Program.o
                0x08000fc8                H_Led_Init
 .text.H_Led_Green_ON
                0x08000ff4        0xe ./src/HAL/LED/Led_Program.o
                0x08000ff4                H_Led_Green_ON
 .text.H_Led_Green_Off
                0x08001002        0xe ./src/HAL/LED/Led_Program.o
                0x08001002                H_Led_Green_Off
 .text.H_Led_Red_ON
                0x08001010        0xe ./src/HAL/LED/Led_Program.o
                0x08001010                H_Led_Red_ON
 .text.H_Led_Red_Off
                0x0800101e        0xe ./src/HAL/LED/Led_Program.o
                0x0800101e                H_Led_Red_Off
 .text.LCD_VidSendCommand_FourBit
                0x0800102c       0xc2 ./src/HAL/LCD/LCD_Program.o
                0x0800102c                LCD_VidSendCommand_FourBit
 .text.LCD_VidInt_FourBit
                0x080010ee       0x7a ./src/HAL/LCD/LCD_Program.o
                0x080010ee                LCD_VidInt_FourBit
 .text.LCD_VidSendData_FourBit
                0x08001168       0xbe ./src/HAL/LCD/LCD_Program.o
                0x08001168                LCD_VidSendData_FourBit
 .text.LCD_VidSendString_FourBit
                0x08001226       0x18 ./src/HAL/LCD/LCD_Program.o
                0x08001226                LCD_VidSendString_FourBit
 .text.LCD_VidSetPositin_FourBit
                0x0800123e       0x18 ./src/HAL/LCD/LCD_Program.o
                0x0800123e                LCD_VidSetPositin_FourBit
 *fill*         0x08001256        0x2 
 .text.KYP_U8GetButton
                0x08001258       0x78 ./src/HAL/KeyPad/KYPD_Prog.o
                0x08001258                KYP_U8GetButton
 .text.KYP_VoidInit
                0x080012d0       0x7c ./src/HAL/KeyPad/KYPD_Prog.o
                0x080012d0                KYP_VoidInit
 .text.H_Gas_Sensor_Init
                0x0800134c        0xe ./src/HAL/Gas_Sensor/Gas_Sensor_Program.o
                0x0800134c                H_Gas_Sensor_Init
 .text.H_Gas_Sensor_Read
                0x0800135a        0xc ./src/HAL/Gas_Sensor/Gas_Sensor_Program.o
                0x0800135a                H_Gas_Sensor_Read
 .text.H_Flame_Sensor_Init
                0x08001366        0xe ./src/HAL/FLAME_SENSOR/Flame_Sensor_Program.o
                0x08001366                H_Flame_Sensor_Init
 .text.H_Flame_Sensor_Read
                0x08001374        0xc ./src/HAL/FLAME_SENSOR/Flame_Sensor_Program.o
                0x08001374                H_Flame_Sensor_Read
 .text.H_Motor_Init
                0x08001380        0xe ./src/HAL/DC_MOTOR/Motor_Program.o
                0x08001380                H_Motor_Init
 .text.H_Motor_On
                0x0800138e        0xe ./src/HAL/DC_MOTOR/Motor_Program.o
                0x0800138e                H_Motor_On
 .text.H_Motor_Off
                0x0800139c        0xe ./src/HAL/DC_MOTOR/Motor_Program.o
                0x0800139c                H_Motor_Off
 .text.H_Buzzer_Init
                0x080013aa        0xe ./src/HAL/BUZZER/Buzzer_Program.o
                0x080013aa                H_Buzzer_Init
 .text.H_Buzzer_ON
                0x080013b8        0xe ./src/HAL/BUZZER/Buzzer_Program.o
                0x080013b8                H_Buzzer_ON
 .text.H_Buzzer_Off
                0x080013c6        0xe ./src/HAL/BUZZER/Buzzer_Program.o
                0x080013c6                H_Buzzer_Off
 .text.GetFrame
                0x080013d4       0x68 ./src/APP/Samart_Home_Program.o
                0x080013d4                GetFrame
 .text.Get_Password
                0x0800143c       0x6c ./src/APP/Samart_Home_Program.o
 .text.voidPlay
                0x080014a8      0x148 ./src/APP/Samart_Home_Program.o
                0x080014a8                voidPlay
 .text.TakeAction
                0x080015f0       0x90 ./src/APP/Samart_Home_Program.o
                0x080015f0                TakeAction
 .text.Smart_Home_Init
                0x08001680       0xf0 ./src/APP/Samart_Home_Program.o
                0x08001680                Smart_Home_Init
 .text.Smart_Home
                0x08001770      0x280 ./src/APP/Samart_Home_Program.o
                0x08001770                Smart_Home
 .text.main     0x080019f0        0xc ./src/main.o
                0x080019f0                main
 .text.__errno  0x080019fc        0xc c:/users/neutr/documents/iti data/imt tools/sdk/imt_sdk_win_64/winarm/armgcc/bin/../lib/gcc/arm-none-eabi/7.2.1/../../../../arm-none-eabi/lib/thumb/v7-m\libg_nano.a(lib_a-errno.o)
                0x080019fc                __errno
 .text._vsnprintf_r
                0x08001a08       0x58 c:/users/neutr/documents/iti data/imt tools/sdk/imt_sdk_win_64/winarm/armgcc/bin/../lib/gcc/arm-none-eabi/7.2.1/../../../../arm-none-eabi/lib/thumb/v7-m\libg_nano.a(lib_a-vsnprintf.o)
                0x08001a08                _vsniprintf_r
                0x08001a08                _vsnprintf_r
 .text.vsnprintf
                0x08001a60       0x1c c:/users/neutr/documents/iti data/imt tools/sdk/imt_sdk_win_64/winarm/armgcc/bin/../lib/gcc/arm-none-eabi/7.2.1/../../../../arm-none-eabi/lib/thumb/v7-m\libg_nano.a(lib_a-vsnprintf.o)
                0x08001a60                vsniprintf
                0x08001a60                vsnprintf
 .text.__ssputs_r
                0x08001a7c       0xb4 c:/users/neutr/documents/iti data/imt tools/sdk/imt_sdk_win_64/winarm/armgcc/bin/../lib/gcc/arm-none-eabi/7.2.1/../../../../arm-none-eabi/lib/thumb/v7-m\libg_nano.a(lib_a-nano-svfprintf.o)
                0x08001a7c                __ssputs_r
 .text._svfprintf_r
                0x08001b30      0x1ec c:/users/neutr/documents/iti data/imt tools/sdk/imt_sdk_win_64/winarm/armgcc/bin/../lib/gcc/arm-none-eabi/7.2.1/../../../../arm-none-eabi/lib/thumb/v7-m\libg_nano.a(lib_a-nano-svfprintf.o)
                0x08001b30                _svfiprintf_r
                0x08001b30                _svfprintf_r
 .text._printf_common
                0x08001d1c       0xec c:/users/neutr/documents/iti data/imt tools/sdk/imt_sdk_win_64/winarm/armgcc/bin/../lib/gcc/arm-none-eabi/7.2.1/../../../../arm-none-eabi/lib/thumb/v7-m\libg_nano.a(lib_a-nano-vfprintf_i.o)
                0x08001d1c                _printf_common
 .text._printf_i
                0x08001e08      0x224 c:/users/neutr/documents/iti data/imt tools/sdk/imt_sdk_win_64/winarm/armgcc/bin/../lib/gcc/arm-none-eabi/7.2.1/../../../../arm-none-eabi/lib/thumb/v7-m\libg_nano.a(lib_a-nano-vfprintf_i.o)
                0x08001e08                _printf_i
 .text.memchr   0x0800202c       0x1c c:/users/neutr/documents/iti data/imt tools/sdk/imt_sdk_win_64/winarm/armgcc/bin/../lib/gcc/arm-none-eabi/7.2.1/../../../../arm-none-eabi/lib/thumb/v7-m\libg_nano.a(lib_a-memchr-stub.o)
                0x0800202c                memchr
 .text.memcpy   0x08002048       0x16 c:/users/neutr/documents/iti data/imt tools/sdk/imt_sdk_win_64/winarm/armgcc/bin/../lib/gcc/arm-none-eabi/7.2.1/../../../../arm-none-eabi/lib/thumb/v7-m\libg_nano.a(lib_a-memcpy-stub.o)
                0x08002048                memcpy
 .text.memmove  0x0800205e       0x32 c:/users/neutr/documents/iti data/imt tools/sdk/imt_sdk_win_64/winarm/armgcc/bin/../lib/gcc/arm-none-eabi/7.2.1/../../../../arm-none-eabi/lib/thumb/v7-m\libg_nano.a(lib_a-memmove.o)
                0x0800205e                memmove
 .text._free_r  0x08002090       0x98 c:/users/neutr/documents/iti data/imt tools/sdk/imt_sdk_win_64/winarm/armgcc/bin/../lib/gcc/arm-none-eabi/7.2.1/../../../../arm-none-eabi/lib/thumb/v7-m\libg_nano.a(lib_a-nano-freer.o)
                0x08002090                _free_r
 .text._malloc_r
                0x08002128       0xb4 c:/users/neutr/documents/iti data/imt tools/sdk/imt_sdk_win_64/winarm/armgcc/bin/../lib/gcc/arm-none-eabi/7.2.1/../../../../arm-none-eabi/lib/thumb/v7-m\libg_nano.a(lib_a-nano-mallocr.o)
                0x08002128                _malloc_r
 .text._realloc_r
                0x080021dc       0x4c c:/users/neutr/documents/iti data/imt tools/sdk/imt_sdk_win_64/winarm/armgcc/bin/../lib/gcc/arm-none-eabi/7.2.1/../../../../arm-none-eabi/lib/thumb/v7-m\libg_nano.a(lib_a-nano-reallocr.o)
                0x080021dc                _realloc_r
 .text._sbrk_r  0x08002228       0x20 c:/users/neutr/documents/iti data/imt tools/sdk/imt_sdk_win_64/winarm/armgcc/bin/../lib/gcc/arm-none-eabi/7.2.1/../../../../arm-none-eabi/lib/thumb/v7-m\libg_nano.a(lib_a-sbrkr.o)
                0x08002228                _sbrk_r
 .text.__malloc_lock
                0x08002248        0x2 c:/users/neutr/documents/iti data/imt tools/sdk/imt_sdk_win_64/winarm/armgcc/bin/../lib/gcc/arm-none-eabi/7.2.1/../../../../arm-none-eabi/lib/thumb/v7-m\libg_nano.a(lib_a-mlock.o)
                0x08002248                __malloc_lock
 .text.__malloc_unlock
                0x0800224a        0x2 c:/users/neutr/documents/iti data/imt tools/sdk/imt_sdk_win_64/winarm/armgcc/bin/../lib/gcc/arm-none-eabi/7.2.1/../../../../arm-none-eabi/lib/thumb/v7-m\libg_nano.a(lib_a-mlock.o)
                0x0800224a                __malloc_unlock
 .text._malloc_usable_size_r
                0x0800224c       0x10 c:/users/neutr/documents/iti data/imt tools/sdk/imt_sdk_win_64/winarm/armgcc/bin/../lib/gcc/arm-none-eabi/7.2.1/../../../../arm-none-eabi/lib/thumb/v7-m\libg_nano.a(lib_a-nano-msizer.o)
                0x0800224c                _malloc_usable_size_r
 *(.rodata .rodata.* .constdata .constdata.*)
 .rodata.dumpExceptionStack.str1.4
                0x0800225c      0x11a ./system/src/cortexm/exception_handlers.o
 *fill*         0x08002376        0x2 
 .rodata.str1.4
                0x08002378       0x2a ./system/src/cortexm/exception_handlers.o
 *fill*         0x080023a2        0x2 
 .rodata.ESP8266_u8ReceiveHttpReq.str1.4
                0x080023a4       0x32 ./src/HAL/WIFI/ESP_Program.o
 *fill*         0x080023d6        0x2 
 .rodata.WIFImod_ConnectToNetwork.str1.4
                0x080023d8       0x10 ./src/HAL/WIFI/ESP_Program.o
                                 0x14 (size before relaxing)
 .rodata.WIFImod_ConnectToServer.str1.4
                0x080023e8       0x17 ./src/HAL/WIFI/ESP_Program.o
                                 0x1b (size before relaxing)
 *fill*         0x080023ff        0x1 
 .rodata.WIFImod_SendCharsNumbers.str1.4
                0x08002400        0xc ./src/HAL/WIFI/ESP_Program.o
 .rodata.WIFImod_voidInit.str1.4
                0x0800240c       0x27 ./src/HAL/WIFI/ESP_Program.o
 *fill*         0x08002433        0x1 
 .rodata.Loc_U8ColPins
                0x08002434        0x3 ./src/HAL/KeyPad/KYPD_Prog.o
                0x08002434                Loc_U8ColPins
 *fill*         0x08002437        0x1 
 .rodata.Loc_U8RowPins
                0x08002438        0x3 ./src/HAL/KeyPad/KYPD_Prog.o
                0x08002438                Loc_U8RowPins
 *fill*         0x0800243b        0x1 
 .rodata        0x0800243c        0x4 ./src/APP/Samart_Home_Program.o
 .rodata.Smart_Home.str1.4
                0x08002440      0x134 ./src/APP/Samart_Home_Program.o
 .rodata.Smart_Home_Init.str1.4
                0x08002574       0x32 ./src/APP/Samart_Home_Program.o
 *fill*         0x080025a6        0x2 
 .rodata.voidPlay.str1.4
                0x080025a8       0x60 ./src/APP/Samart_Home_Program.o
 .rodata._svfprintf_r.str1.1
                0x08002608       0x11 c:/users/neutr/documents/iti data/imt tools/sdk/imt_sdk_win_64/winarm/armgcc/bin/../lib/gcc/arm-none-eabi/7.2.1/../../../../arm-none-eabi/lib/thumb/v7-m\libg_nano.a(lib_a-nano-svfprintf.o)
 .rodata._printf_i.str1.1
                0x08002619       0x22 c:/users/neutr/documents/iti data/imt tools/sdk/imt_sdk_win_64/winarm/armgcc/bin/../lib/gcc/arm-none-eabi/7.2.1/../../../../arm-none-eabi/lib/thumb/v7-m\libg_nano.a(lib_a-nano-vfprintf_i.o)
 *(vtable)
 *(.eh_frame*)
 *(.glue_7)
 .glue_7        0x0800263b        0x0 linker stubs
 *(.glue_7t)
 .glue_7t       0x0800263b        0x0 linker stubs

.vfp11_veneer   0x0800263c        0x0
 .vfp11_veneer  0x0800263c        0x0 linker stubs

.v4_bx          0x0800263c        0x0
 .v4_bx         0x0800263c        0x0 linker stubs

.iplt           0x0800263c        0x0
 .iplt          0x0800263c        0x0 ./system/src/newlib/_exit.o

.rel.dyn        0x0800263c        0x0
 .rel.iplt      0x0800263c        0x0 ./system/src/newlib/_exit.o

.ARM.extab
 *(.ARM.extab* .gnu.linkonce.armextab.*)
                0x0800263c                . = ALIGN (0x4)
                0x0800263c                __exidx_start = .

.ARM.exidx
 *(.ARM.exidx* .gnu.linkonce.armexidx.*)
                0x0800263c                __exidx_end = .
                0x0800263c                . = ALIGN (0x4)
                0x0800263c                _etext = .
                0x0800263c                __etext = .

.data_CCMRAM    0x00000000        0x0 load address 0x0800263c
 FILL mask 0xff
 *(.data.CCMRAM .data.CCMRAM.*)
                0x00000000                . = ALIGN (0x4)
                0x0800263c                _sidata = LOADADDR (.data)

.data           0x20000000       0x8c load address 0x0800263c
 FILL mask 0xff
                0x20000000                _sdata = .
                0x20000000                __data_start__ = .
 *(.data_begin .data_begin.*)
 .data_begin    0x20000000        0x4 ./system/src/newlib/_startup.o
 *(.data .data.*)
 .data.argv.4310
                0x20000004        0x8 ./system/src/newlib/_syscalls.o
 .data.AHBPrescTable
                0x2000000c       0x10 ./system/src/cmsis/system_stm32f10x.o
                0x2000000c                AHBPrescTable
 .data.SystemCoreClock
                0x2000001c        0x4 ./system/src/cmsis/system_stm32f10x.o
                0x2000001c                SystemCoreClock
 .data.clear_flag
                0x20000020        0x1 ./src/APP/Samart_Home_Program.o
                0x20000020                clear_flag
 *fill*         0x20000021        0x3 ff
 .data._impure_ptr
                0x20000024        0x4 c:/users/neutr/documents/iti data/imt tools/sdk/imt_sdk_win_64/winarm/armgcc/bin/../lib/gcc/arm-none-eabi/7.2.1/../../../../arm-none-eabi/lib/thumb/v7-m\libg_nano.a(lib_a-impure.o)
                0x20000024                _impure_ptr
 .data.impure_data
                0x20000028       0x60 c:/users/neutr/documents/iti data/imt tools/sdk/imt_sdk_win_64/winarm/armgcc/bin/../lib/gcc/arm-none-eabi/7.2.1/../../../../arm-none-eabi/lib/thumb/v7-m\libg_nano.a(lib_a-impure.o)
 *(.data_end .data_end.*)
 .data_end      0x20000088        0x4 ./system/src/newlib/_startup.o
                0x2000008c                . = ALIGN (0x4)
                0x2000008c                _edata = .
                0x2000008c                __data_end__ = .

.igot.plt       0x2000008c        0x0 load address 0x080026c8
 .igot.plt      0x2000008c        0x0 ./system/src/newlib/_exit.o

.bss_CCMRAM     0x00000000        0x0
 *(.bss.CCMRAM .bss.CCMRAM.*)

.bss            0x2000008c     0x2894
                0x2000008c                __bss_start__ = .
                0x2000008c                _sbss = .
 *(.bss_begin .bss_begin.*)
 .bss_begin     0x2000008c        0x4 ./system/src/newlib/_startup.o
 *(.bss .bss.*)
 .bss.current_heap_end.3961
                0x20000090        0x4 ./system/src/newlib/_sbrk.o
 .bss.name.4309
                0x20000094        0x1 ./system/src/newlib/_syscalls.o
 *fill*         0x20000095        0x3 
 .bss.buf.5205  0x20000098       0x80 ./system/src/diag/Trace.o
 .bss.MUSART1_CallBack
                0x20000118        0x4 ./src/MCAL/USART/USART_program.o
                0x20000118                MUSART1_CallBack
 .bss.CallBackFun
                0x2000011c        0x4 ./src/MCAL/SYSTICK/SysTick_Prog.o
                0x2000011c                CallBackFun
 .bss.EXTI0_callBack
                0x20000120        0x4 ./src/MCAL/EXTI/EXTI_Program.o
 .bss.EXTI1_callBack
                0x20000124        0x4 ./src/MCAL/EXTI/EXTI_Program.o
 .bss.ResponseArray
                0x20000128     0x2710 ./src/HAL/WIFI/ESP_Program.o
                0x20000128                ResponseArray
 .bss.counter   0x20002838        0x2 ./src/HAL/WIFI/ESP_Program.o
                0x20002838                counter
 .bss.FLAME     0x2000283a        0x1 ./src/APP/Samart_Home_Program.o
                0x2000283a                FLAME
 .bss.GAS       0x2000283b        0x1 ./src/APP/Samart_Home_Program.o
                0x2000283b                GAS
 .bss.IR_Flag   0x2000283c        0x1 ./src/APP/Samart_Home_Program.o
                0x2000283c                IR_Flag
 .bss.password_counter
                0x2000283d        0x1 ./src/APP/Samart_Home_Program.o
                0x2000283d                password_counter
 *fill*         0x2000283e        0x2 
 .bss.u32FrameData
                0x20002840       0xc8 ./src/APP/Samart_Home_Program.o
                0x20002840                u32FrameData
 .bss.u8Data    0x20002908        0x1 ./src/APP/Samart_Home_Program.o
                0x20002908                u8Data
 .bss.u8EdgeCounter
                0x20002909        0x1 ./src/APP/Samart_Home_Program.o
                0x20002909                u8EdgeCounter
 .bss.u8StartFlag
                0x2000290a        0x1 ./src/APP/Samart_Home_Program.o
                0x2000290a                u8StartFlag
 .bss.password_status
                0x2000290b        0x1 ./src/main.o
                0x2000290b                password_status
 .bss.__malloc_free_list
                0x2000290c        0x4 c:/users/neutr/documents/iti data/imt tools/sdk/imt_sdk_win_64/winarm/armgcc/bin/../lib/gcc/arm-none-eabi/7.2.1/../../../../arm-none-eabi/lib/thumb/v7-m\libg_nano.a(lib_a-nano-mallocr.o)
                0x2000290c                __malloc_free_list
 .bss.__malloc_sbrk_start
                0x20002910        0x4 c:/users/neutr/documents/iti data/imt tools/sdk/imt_sdk_win_64/winarm/armgcc/bin/../lib/gcc/arm-none-eabi/7.2.1/../../../../arm-none-eabi/lib/thumb/v7-m\libg_nano.a(lib_a-nano-mallocr.o)
                0x20002910                __malloc_sbrk_start
 *(COMMON)
 COMMON         0x20002914        0x4 ./system/src/newlib/_syscalls.o
                0x20002914                errno
 COMMON         0x20002918        0x1 ./src/MCAL/SYSTICK/SysTick_Prog.o
                0x20002918                FLAG
 *(.bss_end .bss_end.*)
 *fill*         0x20002919        0x3 
 .bss_end       0x2000291c        0x4 ./system/src/newlib/_startup.o
                0x20002920                . = ALIGN (0x4)
                0x20002920                __bss_end__ = .
                0x20002920                _ebss = .

.noinit_CCMRAM
 *(.noinit.CCMRAM .noinit.CCMRAM.*)

.noinit         0x20002920        0x0
                0x20002920                _noinit = .
 *(.noinit .noinit.*)
                0x20002920                . = ALIGN (0x4)
                0x20002920                _end_noinit = .
                [!provide]                PROVIDE (end, _end_noinit)
                [!provide]                PROVIDE (_end, _end_noinit)
                [!provide]                PROVIDE (__end, _end_noinit)
                [!provide]                PROVIDE (__end__, _end_noinit)

._check_stack   0x20002920      0x100
                0x20002a20                . = (. + _Minimum_Stack_Size)
 *fill*         0x20002920      0x100 

.b1text
 *(.b1text)
 *(.b1rodata)
 *(.b1rodata.*)

.eb0text
 *(.eb0text)
 *(.eb0rodata)
 *(.eb0rodata.*)

.eb1text
 *(.eb1text)
 *(.eb1rodata)
 *(.eb1rodata.*)

.eb2text
 *(.eb2text)
 *(.eb2rodata)
 *(.eb2rodata.*)

.eb3text
 *(.eb3text)
 *(.eb3rodata)
 *(.eb3rodata.*)

.stab
 *(.stab)

.stabstr
 *(.stabstr)

.stab.excl
 *(.stab.excl)

.stab.exclstr
 *(.stab.exclstr)

.stab.index
 *(.stab.index)

.stab.indexstr
 *(.stab.indexstr)

.comment        0x00000000       0x7e
 *(.comment)
 .comment       0x00000000       0x7e ./system/src/newlib/_exit.o
                                 0x7f (size before relaxing)
 .comment       0x0000007e       0x7f ./system/src/newlib/_sbrk.o
 .comment       0x0000007e       0x7f ./system/src/newlib/_startup.o
 .comment       0x0000007e       0x7f ./system/src/newlib/_syscalls.o
 .comment       0x0000007e       0x7f ./system/src/diag/Trace.o
 .comment       0x0000007e       0x7f ./system/src/diag/trace_impl.o
 .comment       0x0000007e       0x7f ./system/src/cortexm/_initialize_hardware.o
 .comment       0x0000007e       0x7f ./system/src/cortexm/exception_handlers.o
 .comment       0x0000007e       0x7f ./system/src/cmsis/system_stm32f10x.o
 .comment       0x0000007e       0x7f ./system/src/cmsis/vectors_stm32f10x.o
 .comment       0x0000007e       0x7f ./src/MCAL/USART/USART_program.o
 .comment       0x0000007e       0x7f ./src/MCAL/SYSTICK/SysTick_Prog.o
 .comment       0x0000007e       0x7f ./src/MCAL/RCC/RCC_Prog.o
 .comment       0x0000007e       0x7f ./src/MCAL/PWM/PWM_Prog.o
 .comment       0x0000007e       0x7f ./src/MCAL/NVIC/NVIC_Prog.o
 .comment       0x0000007e       0x7f ./src/MCAL/GPIO/GPIO_Prog.o
 .comment       0x0000007e       0x7f ./src/MCAL/EXTI/EXTI_Program.o
 .comment       0x0000007e       0x7f ./src/MCAL/AFIO/AFIO_Program.o
 .comment       0x0000007e       0x7f ./src/MCAL/ADC/ADC_Prog.o
 .comment       0x0000007e       0x7f ./src/HAL/WIFI/ESP_Program.o
 .comment       0x0000007e       0x7f ./src/HAL/TEMP_SENSOR/Temreture_Sensor_Program.o
 .comment       0x0000007e       0x7f ./src/HAL/SERVO/Servo_Program.o
 .comment       0x0000007e       0x7f ./src/HAL/LED/Led_Program.o
 .comment       0x0000007e       0x7f ./src/HAL/LCD/LCD_Program.o
 .comment       0x0000007e       0x7f ./src/HAL/KeyPad/KYPD_Prog.o
 .comment       0x0000007e       0x7f ./src/HAL/Gas_Sensor/Gas_Sensor_Program.o
 .comment       0x0000007e       0x7f ./src/HAL/FLAME_SENSOR/Flame_Sensor_Program.o
 .comment       0x0000007e       0x7f ./src/HAL/DC_MOTOR/Motor_Program.o
 .comment       0x0000007e       0x7f ./src/HAL/BUZZER/Buzzer_Program.o
 .comment       0x0000007e       0x7f ./src/APP/Samart_Home_Program.o
 .comment       0x0000007e       0x7f ./src/main.o

.ARM.attributes
                0x00000000       0x31
 .ARM.attributes
                0x00000000       0x33 ./system/src/newlib/_exit.o
 .ARM.attributes
                0x00000033       0x33 ./system/src/newlib/_sbrk.o
 .ARM.attributes
                0x00000066       0x33 ./system/src/newlib/_startup.o
 .ARM.attributes
                0x00000099       0x33 ./system/src/newlib/_syscalls.o
 .ARM.attributes
                0x000000cc       0x33 ./system/src/diag/Trace.o
 .ARM.attributes
                0x000000ff       0x33 ./system/src/diag/trace_impl.o
 .ARM.attributes
                0x00000132       0x33 ./system/src/cortexm/_initialize_hardware.o
 .ARM.attributes
                0x00000165       0x33 ./system/src/cortexm/exception_handlers.o
 .ARM.attributes
                0x00000198       0x33 ./system/src/cmsis/system_stm32f10x.o
 .ARM.attributes
                0x000001cb       0x33 ./system/src/cmsis/vectors_stm32f10x.o
 .ARM.attributes
                0x000001fe       0x33 ./src/MCAL/USART/USART_program.o
 .ARM.attributes
                0x00000231       0x33 ./src/MCAL/SYSTICK/SysTick_Prog.o
 .ARM.attributes
                0x00000264       0x33 ./src/MCAL/RCC/RCC_Prog.o
 .ARM.attributes
                0x00000297       0x33 ./src/MCAL/PWM/PWM_Prog.o
 .ARM.attributes
                0x000002ca       0x33 ./src/MCAL/NVIC/NVIC_Prog.o
 .ARM.attributes
                0x000002fd       0x33 ./src/MCAL/GPIO/GPIO_Prog.o
 .ARM.attributes
                0x00000330       0x33 ./src/MCAL/EXTI/EXTI_Program.o
 .ARM.attributes
                0x00000363       0x33 ./src/MCAL/AFIO/AFIO_Program.o
 .ARM.attributes
                0x00000396       0x33 ./src/MCAL/ADC/ADC_Prog.o
 .ARM.attributes
                0x000003c9       0x33 ./src/HAL/WIFI/ESP_Program.o
 .ARM.attributes
                0x000003fc       0x33 ./src/HAL/TEMP_SENSOR/Temreture_Sensor_Program.o
 .ARM.attributes
                0x0000042f       0x33 ./src/HAL/SERVO/Servo_Program.o
 .ARM.attributes
                0x00000462       0x33 ./src/HAL/LED/Led_Program.o
 .ARM.attributes
                0x00000495       0x33 ./src/HAL/LCD/LCD_Program.o
 .ARM.attributes
                0x000004c8       0x33 ./src/HAL/KeyPad/KYPD_Prog.o
 .ARM.attributes
                0x000004fb       0x33 ./src/HAL/Gas_Sensor/Gas_Sensor_Program.o
 .ARM.attributes
                0x0000052e       0x33 ./src/HAL/FLAME_SENSOR/Flame_Sensor_Program.o
 .ARM.attributes
                0x00000561       0x33 ./src/HAL/DC_MOTOR/Motor_Program.o
 .ARM.attributes
                0x00000594       0x33 ./src/HAL/BUZZER/Buzzer_Program.o
 .ARM.attributes
                0x000005c7       0x33 ./src/APP/Samart_Home_Program.o
 .ARM.attributes
                0x000005fa       0x33 ./src/main.o
 .ARM.attributes
                0x0000062d       0x2d c:/users/neutr/documents/iti data/imt tools/sdk/imt_sdk_win_64/winarm/armgcc/bin/../lib/gcc/arm-none-eabi/7.2.1/../../../../arm-none-eabi/lib/thumb/v7-m\libg_nano.a(lib_a-errno.o)
 .ARM.attributes
                0x0000065a       0x2d c:/users/neutr/documents/iti data/imt tools/sdk/imt_sdk_win_64/winarm/armgcc/bin/../lib/gcc/arm-none-eabi/7.2.1/../../../../arm-none-eabi/lib/thumb/v7-m\libg_nano.a(lib_a-impure.o)
 .ARM.attributes
                0x00000687       0x2d c:/users/neutr/documents/iti data/imt tools/sdk/imt_sdk_win_64/winarm/armgcc/bin/../lib/gcc/arm-none-eabi/7.2.1/../../../../arm-none-eabi/lib/thumb/v7-m\libg_nano.a(lib_a-vsnprintf.o)
 .ARM.attributes
                0x000006b4       0x2d c:/users/neutr/documents/iti data/imt tools/sdk/imt_sdk_win_64/winarm/armgcc/bin/../lib/gcc/arm-none-eabi/7.2.1/../../../../arm-none-eabi/lib/thumb/v7-m\libg_nano.a(lib_a-nano-svfprintf.o)
 .ARM.attributes
                0x000006e1       0x2d c:/users/neutr/documents/iti data/imt tools/sdk/imt_sdk_win_64/winarm/armgcc/bin/../lib/gcc/arm-none-eabi/7.2.1/../../../../arm-none-eabi/lib/thumb/v7-m\libg_nano.a(lib_a-nano-vfprintf_i.o)
 .ARM.attributes
                0x0000070e       0x2d c:/users/neutr/documents/iti data/imt tools/sdk/imt_sdk_win_64/winarm/armgcc/bin/../lib/gcc/arm-none-eabi/7.2.1/../../../../arm-none-eabi/lib/thumb/v7-m\libg_nano.a(lib_a-memchr-stub.o)
 .ARM.attributes
                0x0000073b       0x2d c:/users/neutr/documents/iti data/imt tools/sdk/imt_sdk_win_64/winarm/armgcc/bin/../lib/gcc/arm-none-eabi/7.2.1/../../../../arm-none-eabi/lib/thumb/v7-m\libg_nano.a(lib_a-memcpy-stub.o)
 .ARM.attributes
                0x00000768       0x2d c:/users/neutr/documents/iti data/imt tools/sdk/imt_sdk_win_64/winarm/armgcc/bin/../lib/gcc/arm-none-eabi/7.2.1/../../../../arm-none-eabi/lib/thumb/v7-m\libg_nano.a(lib_a-memmove.o)
 .ARM.attributes
                0x00000795       0x2d c:/users/neutr/documents/iti data/imt tools/sdk/imt_sdk_win_64/winarm/armgcc/bin/../lib/gcc/arm-none-eabi/7.2.1/../../../../arm-none-eabi/lib/thumb/v7-m\libg_nano.a(lib_a-nano-freer.o)
 .ARM.attributes
                0x000007c2       0x2d c:/users/neutr/documents/iti data/imt tools/sdk/imt_sdk_win_64/winarm/armgcc/bin/../lib/gcc/arm-none-eabi/7.2.1/../../../../arm-none-eabi/lib/thumb/v7-m\libg_nano.a(lib_a-nano-mallocr.o)
 .ARM.attributes
                0x000007ef       0x2d c:/users/neutr/documents/iti data/imt tools/sdk/imt_sdk_win_64/winarm/armgcc/bin/../lib/gcc/arm-none-eabi/7.2.1/../../../../arm-none-eabi/lib/thumb/v7-m\libg_nano.a(lib_a-nano-reallocr.o)
 .ARM.attributes
                0x0000081c       0x2d c:/users/neutr/documents/iti data/imt tools/sdk/imt_sdk_win_64/winarm/armgcc/bin/../lib/gcc/arm-none-eabi/7.2.1/../../../../arm-none-eabi/lib/thumb/v7-m\libg_nano.a(lib_a-sbrkr.o)
 .ARM.attributes
                0x00000849       0x2d c:/users/neutr/documents/iti data/imt tools/sdk/imt_sdk_win_64/winarm/armgcc/bin/../lib/gcc/arm-none-eabi/7.2.1/../../../../arm-none-eabi/lib/thumb/v7-m\libg_nano.a(lib_a-mlock.o)
 .ARM.attributes
                0x00000876       0x2d c:/users/neutr/documents/iti data/imt tools/sdk/imt_sdk_win_64/winarm/armgcc/bin/../lib/gcc/arm-none-eabi/7.2.1/../../../../arm-none-eabi/lib/thumb/v7-m\libg_nano.a(lib_a-nano-msizer.o)

.debug
 *(.debug)

.line
 *(.line)

.debug_srcinfo
 *(.debug_srcinfo)

.debug_sfnames
 *(.debug_sfnames)

.debug_aranges  0x00000000      0x770
 *(.debug_aranges)
 .debug_aranges
                0x00000000       0x28 ./system/src/newlib/_exit.o
 .debug_aranges
                0x00000028       0x20 ./system/src/newlib/_sbrk.o
 .debug_aranges
                0x00000048       0x40 ./system/src/newlib/_startup.o
 .debug_aranges
                0x00000088       0x30 ./system/src/newlib/_syscalls.o
 .debug_aranges
                0x000000b8       0x38 ./system/src/diag/Trace.o
 .debug_aranges
                0x000000f0       0x30 ./system/src/diag/trace_impl.o
 .debug_aranges
                0x00000120       0x28 ./system/src/cortexm/_initialize_hardware.o
 .debug_aranges
                0x00000148       0x90 ./system/src/cortexm/exception_handlers.o
 .debug_aranges
                0x000001d8       0x38 ./system/src/cmsis/system_stm32f10x.o
 .debug_aranges
                0x00000210       0x20 ./system/src/cmsis/vectors_stm32f10x.o
 .debug_aranges
                0x00000230       0x48 ./src/MCAL/USART/USART_program.o
 .debug_aranges
                0x00000278       0x90 ./src/MCAL/SYSTICK/SysTick_Prog.o
 .debug_aranges
                0x00000308       0x30 ./src/MCAL/RCC/RCC_Prog.o
 .debug_aranges
                0x00000338       0x28 ./src/MCAL/PWM/PWM_Prog.o
 .debug_aranges
                0x00000360       0x50 ./src/MCAL/NVIC/NVIC_Prog.o
 .debug_aranges
                0x000003b0       0x90 ./src/MCAL/GPIO/GPIO_Prog.o
 .debug_aranges
                0x00000440       0x60 ./src/MCAL/EXTI/EXTI_Program.o
 .debug_aranges
                0x000004a0       0x20 ./src/MCAL/AFIO/AFIO_Program.o
 .debug_aranges
                0x000004c0       0x28 ./src/MCAL/ADC/ADC_Prog.o
 .debug_aranges
                0x000004e8       0x70 ./src/HAL/WIFI/ESP_Program.o
 .debug_aranges
                0x00000558       0x28 ./src/HAL/TEMP_SENSOR/Temreture_Sensor_Program.o
 .debug_aranges
                0x00000580       0x28 ./src/HAL/SERVO/Servo_Program.o
 .debug_aranges
                0x000005a8       0x40 ./src/HAL/LED/Led_Program.o
 .debug_aranges
                0x000005e8       0x48 ./src/HAL/LCD/LCD_Program.o
 .debug_aranges
                0x00000630       0x28 ./src/HAL/KeyPad/KYPD_Prog.o
 .debug_aranges
                0x00000658       0x28 ./src/HAL/Gas_Sensor/Gas_Sensor_Program.o
 .debug_aranges
                0x00000680       0x28 ./src/HAL/FLAME_SENSOR/Flame_Sensor_Program.o
 .debug_aranges
                0x000006a8       0x30 ./src/HAL/DC_MOTOR/Motor_Program.o
 .debug_aranges
                0x000006d8       0x30 ./src/HAL/BUZZER/Buzzer_Program.o
 .debug_aranges
                0x00000708       0x48 ./src/APP/Samart_Home_Program.o
 .debug_aranges
                0x00000750       0x20 ./src/main.o

.debug_pubnames
 *(.debug_pubnames)

.debug_info     0x00000000     0x884f
 *(.debug_info .gnu.linkonce.wi.*)
 .debug_info    0x00000000      0x956 ./system/src/newlib/_exit.o
 .debug_info    0x00000956      0x942 ./system/src/newlib/_sbrk.o
 .debug_info    0x00001298      0x42e ./system/src/newlib/_startup.o
 .debug_info    0x000016c6      0xa19 ./system/src/newlib/_syscalls.o
 .debug_info    0x000020df      0xb2a ./system/src/diag/Trace.o
 .debug_info    0x00002c09      0x363 ./system/src/diag/trace_impl.o
 .debug_info    0x00002f6c      0x2b5 ./system/src/cortexm/_initialize_hardware.o
 .debug_info    0x00003221     0x1140 ./system/src/cortexm/exception_handlers.o
 .debug_info    0x00004361      0x494 ./system/src/cmsis/system_stm32f10x.o
 .debug_info    0x000047f5       0xca ./system/src/cmsis/vectors_stm32f10x.o
 .debug_info    0x000048bf      0x1a1 ./src/MCAL/USART/USART_program.o
 .debug_info    0x00004a60      0x351 ./src/MCAL/SYSTICK/SysTick_Prog.o
 .debug_info    0x00004db1      0x190 ./src/MCAL/RCC/RCC_Prog.o
 .debug_info    0x00004f41      0x1b4 ./src/MCAL/PWM/PWM_Prog.o
 .debug_info    0x000050f5      0x1ae ./src/MCAL/NVIC/NVIC_Prog.o
 .debug_info    0x000052a3      0x656 ./src/MCAL/GPIO/GPIO_Prog.o
 .debug_info    0x000058f9      0x228 ./src/MCAL/EXTI/EXTI_Program.o
 .debug_info    0x00005b21      0x119 ./src/MCAL/AFIO/AFIO_Program.o
 .debug_info    0x00005c3a      0x1d2 ./src/MCAL/ADC/ADC_Prog.o
 .debug_info    0x00005e0c      0x864 ./src/HAL/WIFI/ESP_Program.o
 .debug_info    0x00006670      0x13d ./src/HAL/TEMP_SENSOR/Temreture_Sensor_Program.o
 .debug_info    0x000067ad      0x15e ./src/HAL/SERVO/Servo_Program.o
 .debug_info    0x0000690b      0x1ba ./src/HAL/LED/Led_Program.o
 .debug_info    0x00006ac5      0x7f4 ./src/HAL/LCD/LCD_Program.o
 .debug_info    0x000072b9      0x30d ./src/HAL/KeyPad/KYPD_Prog.o
 .debug_info    0x000075c6       0xee ./src/HAL/Gas_Sensor/Gas_Sensor_Program.o
 .debug_info    0x000076b4       0xee ./src/HAL/FLAME_SENSOR/Flame_Sensor_Program.o
 .debug_info    0x000077a2      0x105 ./src/HAL/DC_MOTOR/Motor_Program.o
 .debug_info    0x000078a7      0x105 ./src/HAL/BUZZER/Buzzer_Program.o
 .debug_info    0x000079ac      0xde8 ./src/APP/Samart_Home_Program.o
 .debug_info    0x00008794       0xbb ./src/main.o

.debug_abbrev   0x00000000     0x23d3
 *(.debug_abbrev)
 .debug_abbrev  0x00000000      0x1f3 ./system/src/newlib/_exit.o
 .debug_abbrev  0x000001f3      0x1fc ./system/src/newlib/_sbrk.o
 .debug_abbrev  0x000003ef      0x1b3 ./system/src/newlib/_startup.o
 .debug_abbrev  0x000005a2      0x234 ./system/src/newlib/_syscalls.o
 .debug_abbrev  0x000007d6      0x276 ./system/src/diag/Trace.o
 .debug_abbrev  0x00000a4c      0x1e2 ./system/src/diag/trace_impl.o
 .debug_abbrev  0x00000c2e       0xea ./system/src/cortexm/_initialize_hardware.o
 .debug_abbrev  0x00000d18      0x32b ./system/src/cortexm/exception_handlers.o
 .debug_abbrev  0x00001043      0x177 ./system/src/cmsis/system_stm32f10x.o
 .debug_abbrev  0x000011ba       0x9d ./system/src/cmsis/vectors_stm32f10x.o
 .debug_abbrev  0x00001257      0x13b ./src/MCAL/USART/USART_program.o
 .debug_abbrev  0x00001392      0x15a ./src/MCAL/SYSTICK/SysTick_Prog.o
 .debug_abbrev  0x000014ec       0xbe ./src/MCAL/RCC/RCC_Prog.o
 .debug_abbrev  0x000015aa       0xaf ./src/MCAL/PWM/PWM_Prog.o
 .debug_abbrev  0x00001659       0xaa ./src/MCAL/NVIC/NVIC_Prog.o
 .debug_abbrev  0x00001703      0x198 ./src/MCAL/GPIO/GPIO_Prog.o
 .debug_abbrev  0x0000189b      0x104 ./src/MCAL/EXTI/EXTI_Program.o
 .debug_abbrev  0x0000199f       0xb6 ./src/MCAL/AFIO/AFIO_Program.o
 .debug_abbrev  0x00001a55       0xc0 ./src/MCAL/ADC/ADC_Prog.o
 .debug_abbrev  0x00001b15      0x125 ./src/HAL/WIFI/ESP_Program.o
 .debug_abbrev  0x00001c3a       0xb0 ./src/HAL/TEMP_SENSOR/Temreture_Sensor_Program.o
 .debug_abbrev  0x00001cea       0xa5 ./src/HAL/SERVO/Servo_Program.o
 .debug_abbrev  0x00001d8f       0x6f ./src/HAL/LED/Led_Program.o
 .debug_abbrev  0x00001dfe      0x109 ./src/HAL/LCD/LCD_Program.o
 .debug_abbrev  0x00001f07       0xe2 ./src/HAL/KeyPad/KYPD_Prog.o
 .debug_abbrev  0x00001fe9       0x98 ./src/HAL/Gas_Sensor/Gas_Sensor_Program.o
 .debug_abbrev  0x00002081       0x98 ./src/HAL/FLAME_SENSOR/Flame_Sensor_Program.o
 .debug_abbrev  0x00002119       0x62 ./src/HAL/DC_MOTOR/Motor_Program.o
 .debug_abbrev  0x0000217b       0x62 ./src/HAL/BUZZER/Buzzer_Program.o
 .debug_abbrev  0x000021dd      0x180 ./src/APP/Samart_Home_Program.o
 .debug_abbrev  0x0000235d       0x76 ./src/main.o

.debug_line     0x00000000     0x4c1c
 *(.debug_line)
 .debug_line    0x00000000      0x3ab ./system/src/newlib/_exit.o
 .debug_line    0x000003ab      0x35f ./system/src/newlib/_sbrk.o
 .debug_line    0x0000070a      0x419 ./system/src/newlib/_startup.o
 .debug_line    0x00000b23      0x48c ./system/src/newlib/_syscalls.o
 .debug_line    0x00000faf      0x427 ./system/src/diag/Trace.o
 .debug_line    0x000013d6      0x694 ./system/src/diag/trace_impl.o
 .debug_line    0x00001a6a      0x38b ./system/src/cortexm/_initialize_hardware.o
 .debug_line    0x00001df5      0x756 ./system/src/cortexm/exception_handlers.o
 .debug_line    0x0000254b      0x3fe ./system/src/cmsis/system_stm32f10x.o
 .debug_line    0x00002949      0x117 ./system/src/cmsis/vectors_stm32f10x.o
 .debug_line    0x00002a60      0x128 ./src/MCAL/USART/USART_program.o
 .debug_line    0x00002b88      0x1f4 ./src/MCAL/SYSTICK/SysTick_Prog.o
 .debug_line    0x00002d7c       0xee ./src/MCAL/RCC/RCC_Prog.o
 .debug_line    0x00002e6a      0x11a ./src/MCAL/PWM/PWM_Prog.o
 .debug_line    0x00002f84      0x141 ./src/MCAL/NVIC/NVIC_Prog.o
 .debug_line    0x000030c5      0x33a ./src/MCAL/GPIO/GPIO_Prog.o
 .debug_line    0x000033ff      0x15f ./src/MCAL/EXTI/EXTI_Program.o
 .debug_line    0x0000355e       0xd0 ./src/MCAL/AFIO/AFIO_Program.o
 .debug_line    0x0000362e      0x120 ./src/MCAL/ADC/ADC_Prog.o
 .debug_line    0x0000374e      0x274 ./src/HAL/WIFI/ESP_Program.o
 .debug_line    0x000039c2      0x1af ./src/HAL/TEMP_SENSOR/Temreture_Sensor_Program.o
 .debug_line    0x00003b71      0x166 ./src/HAL/SERVO/Servo_Program.o
 .debug_line    0x00003cd7      0x12d ./src/HAL/LED/Led_Program.o
 .debug_line    0x00003e04      0x1e0 ./src/HAL/LCD/LCD_Program.o
 .debug_line    0x00003fe4      0x16f ./src/HAL/KeyPad/KYPD_Prog.o
 .debug_line    0x00004153      0x128 ./src/HAL/Gas_Sensor/Gas_Sensor_Program.o
 .debug_line    0x0000427b      0x136 ./src/HAL/FLAME_SENSOR/Flame_Sensor_Program.o
 .debug_line    0x000043b1      0x11f ./src/HAL/DC_MOTOR/Motor_Program.o
 .debug_line    0x000044d0      0x11d ./src/HAL/BUZZER/Buzzer_Program.o
 .debug_line    0x000045ed      0x59e ./src/APP/Samart_Home_Program.o
 .debug_line    0x00004b8b       0x91 ./src/main.o

.debug_frame    0x00000000     0x1154
 *(.debug_frame)
 .debug_frame   0x00000000       0x38 ./system/src/newlib/_exit.o
 .debug_frame   0x00000038       0x28 ./system/src/newlib/_sbrk.o
 .debug_frame   0x00000060       0x7c ./system/src/newlib/_startup.o
 .debug_frame   0x000000dc       0x50 ./system/src/newlib/_syscalls.o
 .debug_frame   0x0000012c       0x94 ./system/src/diag/Trace.o
 .debug_frame   0x000001c0       0x64 ./system/src/diag/trace_impl.o
 .debug_frame   0x00000224       0x40 ./system/src/cortexm/_initialize_hardware.o
 .debug_frame   0x00000264      0x158 ./system/src/cortexm/exception_handlers.o
 .debug_frame   0x000003bc       0x6c ./system/src/cmsis/system_stm32f10x.o
 .debug_frame   0x00000428       0x20 ./system/src/cmsis/vectors_stm32f10x.o
 .debug_frame   0x00000448       0x78 ./src/MCAL/USART/USART_program.o
 .debug_frame   0x000004c0      0x124 ./src/MCAL/SYSTICK/SysTick_Prog.o
 .debug_frame   0x000005e4       0x40 ./src/MCAL/RCC/RCC_Prog.o
 .debug_frame   0x00000624       0x30 ./src/MCAL/PWM/PWM_Prog.o
 .debug_frame   0x00000654       0x80 ./src/MCAL/NVIC/NVIC_Prog.o
 .debug_frame   0x000006d4      0x144 ./src/MCAL/GPIO/GPIO_Prog.o
 .debug_frame   0x00000818       0xbc ./src/MCAL/EXTI/EXTI_Program.o
 .debug_frame   0x000008d4       0x30 ./src/MCAL/AFIO/AFIO_Program.o
 .debug_frame   0x00000904       0x30 ./src/MCAL/ADC/ADC_Prog.o
 .debug_frame   0x00000934      0x120 ./src/HAL/WIFI/ESP_Program.o
 .debug_frame   0x00000a54       0x40 ./src/HAL/TEMP_SENSOR/Temreture_Sensor_Program.o
 .debug_frame   0x00000a94       0x40 ./src/HAL/SERVO/Servo_Program.o
 .debug_frame   0x00000ad4       0x88 ./src/HAL/LED/Led_Program.o
 .debug_frame   0x00000b5c       0xb4 ./src/HAL/LCD/LCD_Program.o
 .debug_frame   0x00000c10       0x48 ./src/HAL/KeyPad/KYPD_Prog.o
 .debug_frame   0x00000c58       0x40 ./src/HAL/Gas_Sensor/Gas_Sensor_Program.o
 .debug_frame   0x00000c98       0x40 ./src/HAL/FLAME_SENSOR/Flame_Sensor_Program.o
 .debug_frame   0x00000cd8       0x58 ./src/HAL/DC_MOTOR/Motor_Program.o
 .debug_frame   0x00000d30       0x58 ./src/HAL/BUZZER/Buzzer_Program.o
 .debug_frame   0x00000d88       0xb4 ./src/APP/Samart_Home_Program.o
 .debug_frame   0x00000e3c       0x28 ./src/main.o
 .debug_frame   0x00000e64       0x20 c:/users/neutr/documents/iti data/imt tools/sdk/imt_sdk_win_64/winarm/armgcc/bin/../lib/gcc/arm-none-eabi/7.2.1/../../../../arm-none-eabi/lib/thumb/v7-m\libg_nano.a(lib_a-errno.o)
 .debug_frame   0x00000e84       0x4c c:/users/neutr/documents/iti data/imt tools/sdk/imt_sdk_win_64/winarm/armgcc/bin/../lib/gcc/arm-none-eabi/7.2.1/../../../../arm-none-eabi/lib/thumb/v7-m\libg_nano.a(lib_a-vsnprintf.o)
 .debug_frame   0x00000ed0       0x90 c:/users/neutr/documents/iti data/imt tools/sdk/imt_sdk_win_64/winarm/armgcc/bin/../lib/gcc/arm-none-eabi/7.2.1/../../../../arm-none-eabi/lib/thumb/v7-m\libg_nano.a(lib_a-nano-svfprintf.o)
 .debug_frame   0x00000f60       0x60 c:/users/neutr/documents/iti data/imt tools/sdk/imt_sdk_win_64/winarm/armgcc/bin/../lib/gcc/arm-none-eabi/7.2.1/../../../../arm-none-eabi/lib/thumb/v7-m\libg_nano.a(lib_a-nano-vfprintf_i.o)
 .debug_frame   0x00000fc0       0x28 c:/users/neutr/documents/iti data/imt tools/sdk/imt_sdk_win_64/winarm/armgcc/bin/../lib/gcc/arm-none-eabi/7.2.1/../../../../arm-none-eabi/lib/thumb/v7-m\libg_nano.a(lib_a-memchr-stub.o)
 .debug_frame   0x00000fe8       0x28 c:/users/neutr/documents/iti data/imt tools/sdk/imt_sdk_win_64/winarm/armgcc/bin/../lib/gcc/arm-none-eabi/7.2.1/../../../../arm-none-eabi/lib/thumb/v7-m\libg_nano.a(lib_a-memcpy-stub.o)
 .debug_frame   0x00001010       0x28 c:/users/neutr/documents/iti data/imt tools/sdk/imt_sdk_win_64/winarm/armgcc/bin/../lib/gcc/arm-none-eabi/7.2.1/../../../../arm-none-eabi/lib/thumb/v7-m\libg_nano.a(lib_a-memmove.o)
 .debug_frame   0x00001038       0x38 c:/users/neutr/documents/iti data/imt tools/sdk/imt_sdk_win_64/winarm/armgcc/bin/../lib/gcc/arm-none-eabi/7.2.1/../../../../arm-none-eabi/lib/thumb/v7-m\libg_nano.a(lib_a-nano-freer.o)
 .debug_frame   0x00001070       0x2c c:/users/neutr/documents/iti data/imt tools/sdk/imt_sdk_win_64/winarm/armgcc/bin/../lib/gcc/arm-none-eabi/7.2.1/../../../../arm-none-eabi/lib/thumb/v7-m\libg_nano.a(lib_a-nano-mallocr.o)
 .debug_frame   0x0000109c       0x3c c:/users/neutr/documents/iti data/imt tools/sdk/imt_sdk_win_64/winarm/armgcc/bin/../lib/gcc/arm-none-eabi/7.2.1/../../../../arm-none-eabi/lib/thumb/v7-m\libg_nano.a(lib_a-nano-reallocr.o)
 .debug_frame   0x000010d8       0x2c c:/users/neutr/documents/iti data/imt tools/sdk/imt_sdk_win_64/winarm/armgcc/bin/../lib/gcc/arm-none-eabi/7.2.1/../../../../arm-none-eabi/lib/thumb/v7-m\libg_nano.a(lib_a-sbrkr.o)
 .debug_frame   0x00001104       0x30 c:/users/neutr/documents/iti data/imt tools/sdk/imt_sdk_win_64/winarm/armgcc/bin/../lib/gcc/arm-none-eabi/7.2.1/../../../../arm-none-eabi/lib/thumb/v7-m\libg_nano.a(lib_a-mlock.o)
 .debug_frame   0x00001134       0x20 c:/users/neutr/documents/iti data/imt tools/sdk/imt_sdk_win_64/winarm/armgcc/bin/../lib/gcc/arm-none-eabi/7.2.1/../../../../arm-none-eabi/lib/thumb/v7-m\libg_nano.a(lib_a-nano-msizer.o)

.debug_str      0x00000000    0x58e0c
 *(.debug_str)
 .debug_str     0x00000000     0x7d32 ./system/src/newlib/_exit.o
                               0x7f05 (size before relaxing)
 .debug_str     0x00007d32      0x4f5 ./system/src/newlib/_sbrk.o
                               0x72b7 (size before relaxing)
 .debug_str     0x00008227      0xbb8 ./system/src/newlib/_startup.o
                               0x69f2 (size before relaxing)
 .debug_str     0x00008ddf      0xe8b ./system/src/newlib/_syscalls.o
                               0x8192 (size before relaxing)
 .debug_str     0x00009c6a      0x826 ./system/src/diag/Trace.o
                               0x867d (size before relaxing)
 .debug_str     0x0000a490    0x4b2b9 ./system/src/diag/trace_impl.o
                              0x52a63 (size before relaxing)
 .debug_str     0x00055749       0xc4 ./system/src/cortexm/_initialize_hardware.o
                              0x4e854 (size before relaxing)
 .debug_str     0x0005580d      0x1a6 ./system/src/cortexm/exception_handlers.o
                              0x53c88 (size before relaxing)
 .debug_str     0x000559b3      0x114 ./system/src/cmsis/system_stm32f10x.o
                              0x4e8ee (size before relaxing)
 .debug_str     0x00055ac7       0x57 ./system/src/cmsis/vectors_stm32f10x.o
                               0x3893 (size before relaxing)
 .debug_str     0x00055b1e      0x2c3 ./src/MCAL/USART/USART_program.o
                               0x306d (size before relaxing)
 .debug_str     0x00055de1      0x22c ./src/MCAL/SYSTICK/SysTick_Prog.o
                               0x30d1 (size before relaxing)
 .debug_str     0x0005600d      0x641 ./src/MCAL/RCC/RCC_Prog.o
                               0x34fc (size before relaxing)
 .debug_str     0x0005664e      0x3ea ./src/MCAL/PWM/PWM_Prog.o
                               0x35b6 (size before relaxing)
 .debug_str     0x00056a38      0xa2c ./src/MCAL/NVIC/NVIC_Prog.o
                               0x38b4 (size before relaxing)
 .debug_str     0x00057464      0x289 ./src/MCAL/GPIO/GPIO_Prog.o
                               0x3425 (size before relaxing)
 .debug_str     0x000576ed      0x390 ./src/MCAL/EXTI/EXTI_Program.o
                               0x3230 (size before relaxing)
 .debug_str     0x00057a7d      0x17e ./src/MCAL/AFIO/AFIO_Program.o
                               0x3023 (size before relaxing)
 .debug_str     0x00057bfb      0x1b3 ./src/MCAL/ADC/ADC_Prog.o
                               0x3693 (size before relaxing)
 .debug_str     0x00057dae      0x1c3 ./src/HAL/WIFI/ESP_Program.o
                               0x31da (size before relaxing)
 .debug_str     0x00057f71      0x12d ./src/HAL/TEMP_SENSOR/Temreture_Sensor_Program.o
                               0x36fe (size before relaxing)
 .debug_str     0x0005809e       0xc3 ./src/HAL/SERVO/Servo_Program.o
                               0x360b (size before relaxing)
 .debug_str     0x00058161       0xd8 ./src/HAL/LED/Led_Program.o
                               0x32a0 (size before relaxing)
 .debug_str     0x00058239      0x3c1 ./src/HAL/LCD/LCD_Program.o
                               0x35e0 (size before relaxing)
 .debug_str     0x000585fa      0x12a ./src/HAL/KeyPad/KYPD_Prog.o
                               0x3348 (size before relaxing)
 .debug_str     0x00058724       0xcc ./src/HAL/Gas_Sensor/Gas_Sensor_Program.o
                               0x3293 (size before relaxing)
 .debug_str     0x000587f0       0xe4 ./src/HAL/FLAME_SENSOR/Flame_Sensor_Program.o
                               0x32ab (size before relaxing)
 .debug_str     0x000588d4       0xac ./src/HAL/DC_MOTOR/Motor_Program.o
                               0x3274 (size before relaxing)
 .debug_str     0x00058980       0xb3 ./src/HAL/BUZZER/Buzzer_Program.o
                               0x327b (size before relaxing)
 .debug_str     0x00058a33      0x3cb ./src/APP/Samart_Home_Program.o
                               0x46f3 (size before relaxing)
 .debug_str     0x00058dfe        0xe ./src/main.o
                               0x2ee1 (size before relaxing)

.debug_loc      0x00000000     0x22d2
 *(.debug_loc)
 .debug_loc     0x00000000       0x85 ./system/src/newlib/_sbrk.o
 .debug_loc     0x00000085      0x1a9 ./system/src/newlib/_startup.o
 .debug_loc     0x0000022e       0x63 ./system/src/newlib/_syscalls.o
 .debug_loc     0x00000291       0xf6 ./system/src/diag/Trace.o
 .debug_loc     0x00000387      0x121 ./system/src/diag/trace_impl.o
 .debug_loc     0x000004a8      0x291 ./system/src/cortexm/exception_handlers.o
 .debug_loc     0x00000739       0xdf ./system/src/cmsis/system_stm32f10x.o
 .debug_loc     0x00000818       0x2a ./src/MCAL/USART/USART_program.o
 .debug_loc     0x00000842       0xad ./src/MCAL/SYSTICK/SysTick_Prog.o
 .debug_loc     0x000008ef      0x16b ./src/MCAL/RCC/RCC_Prog.o
 .debug_loc     0x00000a5a      0x211 ./src/MCAL/NVIC/NVIC_Prog.o
 .debug_loc     0x00000c6b      0xccb ./src/MCAL/GPIO/GPIO_Prog.o
 .debug_loc     0x00001936       0x84 ./src/MCAL/EXTI/EXTI_Program.o
 .debug_loc     0x000019ba       0x57 ./src/MCAL/AFIO/AFIO_Program.o
 .debug_loc     0x00001a11       0x3a ./src/MCAL/ADC/ADC_Prog.o
 .debug_loc     0x00001a4b      0x3e3 ./src/HAL/WIFI/ESP_Program.o
 .debug_loc     0x00001e2e       0x2a ./src/HAL/TEMP_SENSOR/Temreture_Sensor_Program.o
 .debug_loc     0x00001e58       0x21 ./src/HAL/SERVO/Servo_Program.o
 .debug_loc     0x00001e79      0x24e ./src/HAL/LCD/LCD_Program.o
 .debug_loc     0x000020c7       0x7f ./src/HAL/KeyPad/KYPD_Prog.o
 .debug_loc     0x00002146       0x1f ./src/HAL/Gas_Sensor/Gas_Sensor_Program.o
 .debug_loc     0x00002165       0x1f ./src/HAL/FLAME_SENSOR/Flame_Sensor_Program.o
 .debug_loc     0x00002184      0x14e ./src/APP/Samart_Home_Program.o

.debug_macinfo
 *(.debug_macinfo)

.debug_weaknames
 *(.debug_weaknames)

.debug_funcnames
 *(.debug_funcnames)

.debug_typenames
 *(.debug_typenames)

.debug_varnames
 *(.debug_varnames)
OUTPUT(Smart_Home_FOTA _Final.elf elf32-littlearm)

.debug_ranges   0x00000000      0x628
 .debug_ranges  0x00000000       0x18 ./system/src/newlib/_exit.o
 .debug_ranges  0x00000018       0x10 ./system/src/newlib/_sbrk.o
 .debug_ranges  0x00000028       0x78 ./system/src/newlib/_startup.o
 .debug_ranges  0x000000a0       0x20 ./system/src/newlib/_syscalls.o
 .debug_ranges  0x000000c0       0x28 ./system/src/diag/Trace.o
 .debug_ranges  0x000000e8       0x50 ./system/src/diag/trace_impl.o
 .debug_ranges  0x00000138       0x18 ./system/src/cortexm/_initialize_hardware.o
 .debug_ranges  0x00000150       0x80 ./system/src/cortexm/exception_handlers.o
 .debug_ranges  0x000001d0       0x28 ./system/src/cmsis/system_stm32f10x.o
 .debug_ranges  0x000001f8       0x10 ./system/src/cmsis/vectors_stm32f10x.o
 .debug_ranges  0x00000208       0x38 ./src/MCAL/USART/USART_program.o
 .debug_ranges  0x00000240       0x80 ./src/MCAL/SYSTICK/SysTick_Prog.o
 .debug_ranges  0x000002c0       0x20 ./src/MCAL/RCC/RCC_Prog.o
 .debug_ranges  0x000002e0       0x18 ./src/MCAL/PWM/PWM_Prog.o
 .debug_ranges  0x000002f8       0x40 ./src/MCAL/NVIC/NVIC_Prog.o
 .debug_ranges  0x00000338       0xb0 ./src/MCAL/GPIO/GPIO_Prog.o
 .debug_ranges  0x000003e8       0x50 ./src/MCAL/EXTI/EXTI_Program.o
 .debug_ranges  0x00000438       0x10 ./src/MCAL/AFIO/AFIO_Program.o
 .debug_ranges  0x00000448       0x18 ./src/MCAL/ADC/ADC_Prog.o
 .debug_ranges  0x00000460       0x60 ./src/HAL/WIFI/ESP_Program.o
 .debug_ranges  0x000004c0       0x18 ./src/HAL/TEMP_SENSOR/Temreture_Sensor_Program.o
 .debug_ranges  0x000004d8       0x18 ./src/HAL/SERVO/Servo_Program.o
 .debug_ranges  0x000004f0       0x30 ./src/HAL/LED/Led_Program.o
 .debug_ranges  0x00000520       0x38 ./src/HAL/LCD/LCD_Program.o
 .debug_ranges  0x00000558       0x18 ./src/HAL/KeyPad/KYPD_Prog.o
 .debug_ranges  0x00000570       0x18 ./src/HAL/Gas_Sensor/Gas_Sensor_Program.o
 .debug_ranges  0x00000588       0x18 ./src/HAL/FLAME_SENSOR/Flame_Sensor_Program.o
 .debug_ranges  0x000005a0       0x20 ./src/HAL/DC_MOTOR/Motor_Program.o
 .debug_ranges  0x000005c0       0x20 ./src/HAL/BUZZER/Buzzer_Program.o
 .debug_ranges  0x000005e0       0x38 ./src/APP/Samart_Home_Program.o
 .debug_ranges  0x00000618       0x10 ./src/main.o

.debug_macro    0x00000000     0x36b1
 .debug_macro   0x00000000      0x1b4 ./system/src/newlib/_exit.o
 .debug_macro   0x000001b4       0x9c ./system/src/newlib/_exit.o
 .debug_macro   0x00000250      0x10e ./system/src/newlib/_exit.o
 .debug_macro   0x0000035e       0x8d ./system/src/newlib/_exit.o
 .debug_macro   0x000003eb       0x43 ./system/src/newlib/_exit.o
 .debug_macro   0x0000042e      0x330 ./system/src/newlib/_exit.o
 .debug_macro   0x0000075e       0x35 ./system/src/newlib/_exit.o
 .debug_macro   0x00000793      0x169 ./system/src/newlib/_sbrk.o
 .debug_macro   0x000008fc      0x174 ./system/src/newlib/_sbrk.o
 .debug_macro   0x00000a70       0x10 ./system/src/newlib/_sbrk.o
 .debug_macro   0x00000a80      0x23b ./system/src/newlib/_sbrk.o
 .debug_macro   0x00000cbb      0x173 ./system/src/newlib/_startup.o
 .debug_macro   0x00000e2e      0x217 ./system/src/newlib/_syscalls.o
 .debug_macro   0x00001045       0x1c ./system/src/newlib/_syscalls.o
 .debug_macro   0x00001061       0x10 ./system/src/newlib/_syscalls.o
 .debug_macro   0x00001071       0x10 ./system/src/newlib/_syscalls.o
 .debug_macro   0x00001081       0x10 ./system/src/newlib/_syscalls.o
 .debug_macro   0x00001091       0x35 ./system/src/newlib/_syscalls.o
 .debug_macro   0x000010c6      0x122 ./system/src/newlib/_syscalls.o
 .debug_macro   0x000011e8       0x88 ./system/src/newlib/_syscalls.o
 .debug_macro   0x00001270       0x2b ./system/src/newlib/_syscalls.o
 .debug_macro   0x0000129b      0x118 ./system/src/newlib/_syscalls.o
 .debug_macro   0x000013b3      0x189 ./system/src/newlib/_syscalls.o
 .debug_macro   0x0000153c       0x16 ./system/src/newlib/_syscalls.o
 .debug_macro   0x00001552      0x1fb ./system/src/diag/Trace.o
 .debug_macro   0x0000174d       0x16 ./system/src/diag/Trace.o
 .debug_macro   0x00001763       0x97 ./system/src/diag/Trace.o
 .debug_macro   0x000017fa       0xfd ./system/src/diag/Trace.o
 .debug_macro   0x000018f7       0x10 ./system/src/diag/Trace.o
 .debug_macro   0x00001907       0x16 ./system/src/diag/Trace.o
 .debug_macro   0x0000191d      0x16f ./system/src/diag/Trace.o
 .debug_macro   0x00001a8c       0x4c ./system/src/diag/Trace.o
 .debug_macro   0x00001ad8       0x16 ./system/src/diag/Trace.o
 .debug_macro   0x00001aee      0x2da ./system/src/diag/trace_impl.o
 .debug_macro   0x00001dc8       0x10 ./system/src/diag/trace_impl.o
 .debug_macro   0x00001dd8       0xcf ./system/src/diag/trace_impl.o
 .debug_macro   0x00001ea7       0xbe ./system/src/diag/trace_impl.o
 .debug_macro   0x00001f65       0x22 ./system/src/diag/trace_impl.o
 .debug_macro   0x00001f87      0x16b ./system/src/cortexm/_initialize_hardware.o
 .debug_macro   0x000020f2      0x324 ./system/src/cortexm/exception_handlers.o
 .debug_macro   0x00002416       0x3b ./system/src/cortexm/exception_handlers.o
 .debug_macro   0x00002451       0x10 ./system/src/cortexm/exception_handlers.o
 .debug_macro   0x00002461      0x16e ./system/src/cmsis/system_stm32f10x.o
 .debug_macro   0x000025cf       0x34 ./system/src/cmsis/vectors_stm32f10x.o
 .debug_macro   0x00002603       0x3f ./src/MCAL/USART/USART_program.o
 .debug_macro   0x00002642       0x16 ./src/MCAL/USART/USART_program.o
 .debug_macro   0x00002658       0x22 ./src/MCAL/USART/USART_program.o
 .debug_macro   0x0000267a       0x3a ./src/MCAL/USART/USART_program.o
 .debug_macro   0x000026b4       0x10 ./src/MCAL/USART/USART_program.o
 .debug_macro   0x000026c4       0x3e ./src/MCAL/SYSTICK/SysTick_Prog.o
 .debug_macro   0x00002702       0x16 ./src/MCAL/SYSTICK/SysTick_Prog.o
 .debug_macro   0x00002718       0x22 ./src/MCAL/SYSTICK/SysTick_Prog.o
 .debug_macro   0x0000273a       0x10 ./src/MCAL/SYSTICK/SysTick_Prog.o
 .debug_macro   0x0000274a       0x3e ./src/MCAL/RCC/RCC_Prog.o
 .debug_macro   0x00002788      0x13c ./src/MCAL/RCC/RCC_Prog.o
 .debug_macro   0x000028c4       0xa0 ./src/MCAL/RCC/RCC_Prog.o
 .debug_macro   0x00002964       0x16 ./src/MCAL/RCC/RCC_Prog.o
 .debug_macro   0x0000297a       0x52 ./src/MCAL/PWM/PWM_Prog.o
 .debug_macro   0x000029cc       0xee ./src/MCAL/PWM/PWM_Prog.o
 .debug_macro   0x00002aba       0x10 ./src/MCAL/PWM/PWM_Prog.o
 .debug_macro   0x00002aca       0x44 ./src/MCAL/NVIC/NVIC_Prog.o
 .debug_macro   0x00002b0e      0x19c ./src/MCAL/NVIC/NVIC_Prog.o
 .debug_macro   0x00002caa       0x9a ./src/MCAL/NVIC/NVIC_Prog.o
 .debug_macro   0x00002d44       0x10 ./src/MCAL/NVIC/NVIC_Prog.o
 .debug_macro   0x00002d54       0x3f ./src/MCAL/GPIO/GPIO_Prog.o
 .debug_macro   0x00002d93       0x1c ./src/MCAL/GPIO/GPIO_Prog.o
 .debug_macro   0x00002daf       0x3f ./src/MCAL/EXTI/EXTI_Program.o
 .debug_macro   0x00002dee       0x10 ./src/MCAL/EXTI/EXTI_Program.o
 .debug_macro   0x00002dfe       0xee ./src/MCAL/EXTI/EXTI_Program.o
 .debug_macro   0x00002eec       0x3f ./src/MCAL/AFIO/AFIO_Program.o
 .debug_macro   0x00002f2b       0x6a ./src/MCAL/AFIO/AFIO_Program.o
 .debug_macro   0x00002f95       0x10 ./src/MCAL/AFIO/AFIO_Program.o
 .debug_macro   0x00002fa5       0x50 ./src/MCAL/ADC/ADC_Prog.o
 .debug_macro   0x00002ff5       0x1c ./src/MCAL/ADC/ADC_Prog.o
 .debug_macro   0x00003011       0x10 ./src/MCAL/ADC/ADC_Prog.o
 .debug_macro   0x00003021       0x46 ./src/MCAL/ADC/ADC_Prog.o
 .debug_macro   0x00003067       0x49 ./src/HAL/WIFI/ESP_Program.o
 .debug_macro   0x000030b0       0x5a ./src/HAL/TEMP_SENSOR/Temreture_Sensor_Program.o
 .debug_macro   0x0000310a       0x10 ./src/HAL/TEMP_SENSOR/Temreture_Sensor_Program.o
 .debug_macro   0x0000311a       0x1c ./src/HAL/TEMP_SENSOR/Temreture_Sensor_Program.o
 .debug_macro   0x00003136       0x5b ./src/HAL/SERVO/Servo_Program.o
 .debug_macro   0x00003191       0x16 ./src/HAL/SERVO/Servo_Program.o
 .debug_macro   0x000031a7       0x16 ./src/HAL/SERVO/Servo_Program.o
 .debug_macro   0x000031bd       0x49 ./src/HAL/LED/Led_Program.o
 .debug_macro   0x00003206       0x1c ./src/HAL/LED/Led_Program.o
 .debug_macro   0x00003222       0x57 ./src/HAL/LCD/LCD_Program.o
 .debug_macro   0x00003279       0x70 ./src/HAL/LCD/LCD_Program.o
 .debug_macro   0x000032e9       0x64 ./src/HAL/LCD/LCD_Program.o
 .debug_macro   0x0000334d       0x52 ./src/HAL/KeyPad/KYPD_Prog.o
 .debug_macro   0x0000339f       0x52 ./src/HAL/KeyPad/KYPD_Prog.o
 .debug_macro   0x000033f1       0x49 ./src/HAL/Gas_Sensor/Gas_Sensor_Program.o
 .debug_macro   0x0000343a       0x16 ./src/HAL/Gas_Sensor/Gas_Sensor_Program.o
 .debug_macro   0x00003450       0x49 ./src/HAL/FLAME_SENSOR/Flame_Sensor_Program.o
 .debug_macro   0x00003499       0x16 ./src/HAL/FLAME_SENSOR/Flame_Sensor_Program.o
 .debug_macro   0x000034af       0x49 ./src/HAL/DC_MOTOR/Motor_Program.o
 .debug_macro   0x000034f8       0x16 ./src/HAL/DC_MOTOR/Motor_Program.o
 .debug_macro   0x0000350e       0x49 ./src/HAL/BUZZER/Buzzer_Program.o
 .debug_macro   0x00003557       0x16 ./src/HAL/BUZZER/Buzzer_Program.o
 .debug_macro   0x0000356d       0xf7 ./src/APP/Samart_Home_Program.o
 .debug_macro   0x00003664       0x10 ./src/APP/Samart_Home_Program.o
 .debug_macro   0x00003674       0x10 ./src/APP/Samart_Home_Program.o
 .debug_macro   0x00003684       0x2d ./src/main.o
